###############################################################################
#
# IAR ELF Linker V7.50.2.10312/W32 for ARM                04/Aug/2017  13:59:52
# Copyright 2007-2015 IAR Systems AB.
#
#    Output file  =  
#        E:\02-Smart\00-System\99-EngineeringTest\MotorControl\MotorControl\EWARM\MotorControl\Exe\MotorControl.out
#    Map file     =  
#        E:\02-Smart\00-System\99-EngineeringTest\MotorControl\MotorControl\EWARM\MotorControl\List\MotorControl.map
#    Command line =  
#        E:\02-Smart\00-System\99-EngineeringTest\MotorControl\MotorControl\EWARM\MotorControl\Obj\cmsis_os.o
#        E:\02-Smart\00-System\99-EngineeringTest\MotorControl\MotorControl\EWARM\MotorControl\Obj\croutine.o
#        E:\02-Smart\00-System\99-EngineeringTest\MotorControl\MotorControl\EWARM\MotorControl\Obj\event_groups.o
#        E:\02-Smart\00-System\99-EngineeringTest\MotorControl\MotorControl\EWARM\MotorControl\Obj\freertos.o
#        E:\02-Smart\00-System\99-EngineeringTest\MotorControl\MotorControl\EWARM\MotorControl\Obj\heap_4.o
#        E:\02-Smart\00-System\99-EngineeringTest\MotorControl\MotorControl\EWARM\MotorControl\Obj\list.o
#        E:\02-Smart\00-System\99-EngineeringTest\MotorControl\MotorControl\EWARM\MotorControl\Obj\main.o
#        E:\02-Smart\00-System\99-EngineeringTest\MotorControl\MotorControl\EWARM\MotorControl\Obj\port.o
#        E:\02-Smart\00-System\99-EngineeringTest\MotorControl\MotorControl\EWARM\MotorControl\Obj\portasm.o
#        E:\02-Smart\00-System\99-EngineeringTest\MotorControl\MotorControl\EWARM\MotorControl\Obj\queue.o
#        E:\02-Smart\00-System\99-EngineeringTest\MotorControl\MotorControl\EWARM\MotorControl\Obj\startup_stm32f401xc.o
#        E:\02-Smart\00-System\99-EngineeringTest\MotorControl\MotorControl\EWARM\MotorControl\Obj\stm32f4xx_hal.o
#        E:\02-Smart\00-System\99-EngineeringTest\MotorControl\MotorControl\EWARM\MotorControl\Obj\stm32f4xx_hal_cortex.o
#        E:\02-Smart\00-System\99-EngineeringTest\MotorControl\MotorControl\EWARM\MotorControl\Obj\stm32f4xx_hal_dma.o
#        E:\02-Smart\00-System\99-EngineeringTest\MotorControl\MotorControl\EWARM\MotorControl\Obj\stm32f4xx_hal_dma_ex.o
#        E:\02-Smart\00-System\99-EngineeringTest\MotorControl\MotorControl\EWARM\MotorControl\Obj\stm32f4xx_hal_flash.o
#        E:\02-Smart\00-System\99-EngineeringTest\MotorControl\MotorControl\EWARM\MotorControl\Obj\stm32f4xx_hal_flash_ex.o
#        E:\02-Smart\00-System\99-EngineeringTest\MotorControl\MotorControl\EWARM\MotorControl\Obj\stm32f4xx_hal_flash_ramfunc.o
#        E:\02-Smart\00-System\99-EngineeringTest\MotorControl\MotorControl\EWARM\MotorControl\Obj\stm32f4xx_hal_gpio.o
#        E:\02-Smart\00-System\99-EngineeringTest\MotorControl\MotorControl\EWARM\MotorControl\Obj\stm32f4xx_hal_msp.o
#        E:\02-Smart\00-System\99-EngineeringTest\MotorControl\MotorControl\EWARM\MotorControl\Obj\stm32f4xx_hal_pwr.o
#        E:\02-Smart\00-System\99-EngineeringTest\MotorControl\MotorControl\EWARM\MotorControl\Obj\stm32f4xx_hal_pwr_ex.o
#        E:\02-Smart\00-System\99-EngineeringTest\MotorControl\MotorControl\EWARM\MotorControl\Obj\stm32f4xx_hal_rcc.o
#        E:\02-Smart\00-System\99-EngineeringTest\MotorControl\MotorControl\EWARM\MotorControl\Obj\stm32f4xx_hal_rcc_ex.o
#        E:\02-Smart\00-System\99-EngineeringTest\MotorControl\MotorControl\EWARM\MotorControl\Obj\stm32f4xx_hal_tim.o
#        E:\02-Smart\00-System\99-EngineeringTest\MotorControl\MotorControl\EWARM\MotorControl\Obj\stm32f4xx_hal_tim_ex.o
#        E:\02-Smart\00-System\99-EngineeringTest\MotorControl\MotorControl\EWARM\MotorControl\Obj\stm32f4xx_hal_timebase_TIM.o
#        E:\02-Smart\00-System\99-EngineeringTest\MotorControl\MotorControl\EWARM\MotorControl\Obj\stm32f4xx_hal_uart.o
#        E:\02-Smart\00-System\99-EngineeringTest\MotorControl\MotorControl\EWARM\MotorControl\Obj\stm32f4xx_it.o
#        E:\02-Smart\00-System\99-EngineeringTest\MotorControl\MotorControl\EWARM\MotorControl\Obj\system_stm32f4xx.o
#        E:\02-Smart\00-System\99-EngineeringTest\MotorControl\MotorControl\EWARM\MotorControl\Obj\tasks.o
#        E:\02-Smart\00-System\99-EngineeringTest\MotorControl\MotorControl\EWARM\MotorControl\Obj\timers.o
#        --redirect _Printf=_PrintfFull --redirect _Scanf=_ScanfFull -o
#        E:\02-Smart\00-System\99-EngineeringTest\MotorControl\MotorControl\EWARM\MotorControl\Exe\MotorControl.out
#        --map
#        E:\02-Smart\00-System\99-EngineeringTest\MotorControl\MotorControl\EWARM\MotorControl\List\MotorControl.map
#        --config
#        E:\02-Smart\00-System\99-EngineeringTest\MotorControl\MotorControl\EWARM/stm32f401xc_flash.icf
#        --semihosting --entry __iar_program_start --vfe
#
###############################################################################

*******************************************************************************
*** RUNTIME MODEL ATTRIBUTES
***

CppFlavor                     = *
__Heap_Handler                = Basic
__SystemLibrary               = DLib
__dlib_dynamic_initialization = normal


*******************************************************************************
*** PLACEMENT SUMMARY
***

"A1":  place at 0x08000000 { ro section .intvec };
"P1":  place in [from 0x08000000 to 0x0803ffff] { ro };
"P2":  place in [from 0x20000000 to 0x2000ffff] { rw, block CSTACK, block HEAP };

  Section             Kind        Address    Size  Object
  -------             ----        -------    ----  ------
"A1":                                       0x194
  .intvec             ro code  0x08000000   0x194  startup_stm32f401xc.o [1]
                             - 0x08000194   0x194

"P1":                                      0x5312
  .text               ro code  0x08000194  0x1166  xprintffull.o [3]
  .text               ro code  0x080012fa    0x20  xmbtowc.o [3]
  .text               ro code  0x0800131c    0x16  strchr.o [5]
  .text               ro code  0x08001334    0x36  strlen.o [5]
  .text               ro code  0x0800136c    0x58  memchr.o [5]
  .text               ro code  0x080013c4     0xa  xmbcurmax.o [3]
  .text               ro code  0x080013d0    0xb0  xxmemxmalloc.o [3]
  .text               ro code  0x08001480    0x1a  xwctomb.o [3]
  .text               ro code  0x0800149c    0x76  ABImemcpy_unaligned.o [5]
  .text               ro code  0x08001514    0x80  xxmemxfree.o [3]
  .text               ro code  0x08001594    0xee  I64DivMod.o [5]
  .text               ro code  0x08001682    0x42  xdnorm.o [4]
  .text               ro code  0x080016c4    0x2e  DblCmpLe.o [4]
  .text               ro code  0x080016f4    0x2e  DblCmpGe.o [4]
  .text               ro code  0x08001724   0x114  xdscale.o [4]
  .text               ro code  0x08001838    0x58  DblToI32.o [4]
  .text               ro code  0x08001890    0x30  I32ToDbl.o [4]
  .text               ro code  0x080018c0   0x180  DblSub.o [4]
  .text               ro code  0x08001a40   0x1a2  DblMul.o [4]
  .text               ro code  0x08001be4   0x256  DblDiv.o [4]
  .text               ro code  0x08001e3c    0x6c  localeconv.o [3]
  .text               ro code  0x08001ea8     0xe  div.o [3]
  .text               ro code  0x08001eb8    0x14  setlocale.o [3]
  .text               ro code  0x08001ecc    0x60  xencoding_sb.o [3]
  .text               ro code  0x08001f2c    0x2c  xgetmemchunk.o [3]
  .text               ro code  0x08001f58     0x2  I64DivZer.o [5]
  .text               ro code  0x08001f5c    0xd4  DblAdd.o [4]
  .text               ro code  0x08002030     0x2  xtls.o [3]
  .text               ro code  0x08002034   0x790  tasks.o [1]
  .text               ro code  0x080027c4   0x1ac  heap_4.o [1]
  .text               ro code  0x08002970    0x8e  list.o [1]
  .text               ro code  0x08002a00   0x1ec  port.o [1]
  .text               ro code  0x08002bec   0x370  timers.o [1]
  CODE                ro code  0x08002f5c    0xa8  portasm.o [1]
  .text               ro code  0x08003004   0x580  queue.o [1]
  .text               ro code  0x08003584   0x6dc  stm32f4xx_hal_tim.o [1]
  .text               ro code  0x08003c60   0x200  stm32f4xx_hal_msp.o [1]
  .text               ro code  0x08003e60   0x1b4  stm32f4xx_it.o [1]
  .text               ro code  0x08004014   0x414  main.o [1]
  .text               ro code  0x08004428   0x1c2  stm32f4xx_hal_tim_ex.o [1]
  .text               ro code  0x080045ec    0xd8  stm32f4xx_hal_cortex.o [1]
  .text               ro code  0x080046c4   0x1c8  stm32f4xx_hal_gpio.o [1]
  .text               ro code  0x0800488c   0x4be  stm32f4xx_hal_rcc.o [1]
  .text               ro code  0x08004d4c    0x84  cmsis_os.o [1]
  .text               ro code  0x08004dd0    0x24  printf.o [3]
  .text               ro code  0x08004df4    0x48  stm32f4xx_hal.o [1]
  .text               ro code  0x08004e3c   0x306  stm32f4xx_hal_uart.o [1]
  .text               ro code  0x08005144    0x7c  stm32f4xx_hal_timebase_TIM.o [1]
  .text               ro code  0x080051c0    0x60  system_stm32f4xx.o [1]
  .text               ro code  0x08005220    0x40  zero_init3.o [5]
  .text               ro code  0x08005260    0x38  packbits_init_single.o [5]
  .text               ro code  0x08005298    0x28  data_init.o [5]
  .text               ro code  0x080052c0    0x22  fpinit_M.o [4]
  .iar.init_table     const    0x080052e4    0x20  - Linker created -
  .text               ro code  0x08005304    0x1a  cmain.o [5]
  .text               ro code  0x0800531e     0x4  low_level_init.o [3]
  .text               ro code  0x08005322     0x4  exit.o [3]
  .text               ro code  0x08005328     0xa  cexit.o [5]
  .text               ro code  0x08005334    0x14  exit.o [6]
  .text               ro code  0x08005348    0x16  xprout.o [3]
  .text               ro code  0x08005360     0xc  putchar.o [3]
  .text               ro code  0x0800536c    0x10  startup_stm32f401xc.o [1]
  .rodata             const    0x0800537c     0xc  main.o [1]
  .text               ro code  0x08005388     0xc  cstartup_M.o [5]
  .rodata             const    0x08005394     0x8  system_stm32f4xx.o [1]
  .text               ro code  0x0800539c     0x4  startup_stm32f401xc.o [1]
  .text               ro code  0x080053a0     0x4  startup_stm32f401xc.o [1]
  .text               ro code  0x080053a4     0x4  startup_stm32f401xc.o [1]
  .text               ro code  0x080053a8     0x4  startup_stm32f401xc.o [1]
  .text               ro code  0x080053ac     0x4  startup_stm32f401xc.o [1]
  .text               ro code  0x080053b0     0x4  startup_stm32f401xc.o [1]
  .text               ro code  0x080053b4     0x4  startup_stm32f401xc.o [1]
  .text               ro code  0x080053b8     0x4  startup_stm32f401xc.o [1]
  .text               ro code  0x080053bc     0x4  startup_stm32f401xc.o [1]
  .text               ro code  0x080053c0     0x4  startup_stm32f401xc.o [1]
  .text               ro code  0x080053c4     0x4  startup_stm32f401xc.o [1]
  .text               ro code  0x080053c8     0x4  startup_stm32f401xc.o [1]
  .text               ro code  0x080053cc     0x4  startup_stm32f401xc.o [1]
  .text               ro code  0x080053d0     0x4  startup_stm32f401xc.o [1]
  .text               ro code  0x080053d4     0x4  startup_stm32f401xc.o [1]
  .text               ro code  0x080053d8     0x4  startup_stm32f401xc.o [1]
  .text               ro code  0x080053dc     0x4  startup_stm32f401xc.o [1]
  .text               ro code  0x080053e0     0x4  startup_stm32f401xc.o [1]
  .text               ro code  0x080053e4     0x4  startup_stm32f401xc.o [1]
  .text               ro code  0x080053e8     0x4  startup_stm32f401xc.o [1]
  .text               ro code  0x080053ec     0x4  startup_stm32f401xc.o [1]
  .text               ro code  0x080053f0     0x4  startup_stm32f401xc.o [1]
  .text               ro code  0x080053f4     0x4  startup_stm32f401xc.o [1]
  .text               ro code  0x080053f8     0x4  startup_stm32f401xc.o [1]
  .text               ro code  0x080053fc     0x4  startup_stm32f401xc.o [1]
  .text               ro code  0x08005400     0x4  startup_stm32f401xc.o [1]
  .text               ro code  0x08005404     0x4  startup_stm32f401xc.o [1]
  .text               ro code  0x08005408     0x4  startup_stm32f401xc.o [1]
  .text               ro code  0x0800540c     0x4  startup_stm32f401xc.o [1]
  .text               ro code  0x08005410     0x4  startup_stm32f401xc.o [1]
  .text               ro code  0x08005414     0x4  startup_stm32f401xc.o [1]
  .text               ro code  0x08005418     0x4  startup_stm32f401xc.o [1]
  .text               ro code  0x0800541c     0x4  startup_stm32f401xc.o [1]
  .text               ro code  0x08005420     0x4  startup_stm32f401xc.o [1]
  .text               ro code  0x08005424     0x4  startup_stm32f401xc.o [1]
  .text               ro code  0x08005428     0x4  startup_stm32f401xc.o [1]
  .text               ro code  0x0800542c     0x4  startup_stm32f401xc.o [1]
  .text               ro code  0x08005430     0x4  startup_stm32f401xc.o [1]
  .text               ro code  0x08005434     0x4  startup_stm32f401xc.o [1]
  .text               ro code  0x08005438     0x4  startup_stm32f401xc.o [1]
  .text               ro code  0x0800543c     0x4  startup_stm32f401xc.o [1]
  .text               ro code  0x08005440     0x4  startup_stm32f401xc.o [1]
  .text               ro code  0x08005444     0x4  startup_stm32f401xc.o [1]
  .text               ro code  0x08005448     0x4  startup_stm32f401xc.o [1]
  .text               ro code  0x0800544c     0x4  startup_stm32f401xc.o [1]
  .text               ro code  0x08005450     0x4  startup_stm32f401xc.o [1]
  .text               ro code  0x08005454     0x4  startup_stm32f401xc.o [1]
  .text               ro code  0x08005458     0x4  startup_stm32f401xc.o [1]
  .text               ro code  0x0800545c     0x4  startup_stm32f401xc.o [1]
  .text               ro code  0x08005460     0x4  startup_stm32f401xc.o [1]
  .text               ro code  0x08005464     0x4  startup_stm32f401xc.o [1]
  .text               ro code  0x08005468     0x4  startup_stm32f401xc.o [1]
  .text               ro code  0x0800546c     0x4  startup_stm32f401xc.o [1]
  .rodata             const    0x08005470     0x0  zero_init3.o [5]
  .rodata             const    0x08005470     0x0  packbits_init_single.o [5]
  Initializer bytes   const    0x08005470    0x36  <for P2-1>
                             - 0x080054a6  0x5312

"P2", part 1 of 3:                          0x14c
  P2-1                         0x20000000   0x14c  <Init block>
    .data             inited   0x20000000     0xc  port.o [1]
    .data             inited   0x2000000c     0x4  system_stm32f4xx.o [1]
    .data             inited   0x20000010    0x40  xfiles.o [3]
    __DLIB_PERTHREAD  inited   0x20000050    0x88  localeconv.o [3]
    __DLIB_PERTHREAD  inited   0x200000d8    0x74  setlocale.o [3]
                             - 0x2000014c   0x14c

"P2", part 2 of 3:                          0x600
  CSTACK                       0x20000150   0x400  <Block>
    CSTACK            uninit   0x20000150   0x400  <Block tail>
  HEAP                         0x20000550   0x200  <Block>
    HEAP              uninit   0x20000550   0x200  <Block tail>
                             - 0x20000750   0x600

"P2", part 3 of 3:                         0x3f98
  .bss                zero     0x20000750  0x3c18  heap_4.o [1]
  .bss                zero     0x20004368    0xa0  tasks.o [1]
  .bss                zero     0x20004408    0x8c  tasks.o [1]
  .bss                zero     0x20004494    0x80  main.o [1]
  .bss                zero     0x20004514    0x50  xfiles.o [3]
  .bss                zero     0x20004564    0x40  main.o [1]
  .bss                zero     0x200045a4    0x40  queue.o [1]
  .bss                zero     0x200045e4    0x3c  main.o [1]
  .bss                zero     0x20004620    0x3c  main.o [1]
  .bss                zero     0x2000465c    0x3c  stm32f4xx_hal_timebase_TIM.o [1]
  .bss                zero     0x20004698    0x3c  timers.o [1]
  .bss                zero     0x200046d4     0x8  xxmemxmalloc.o [3]
  .bss                zero     0x200046dc     0x4  stm32f4xx_hal.o [1]
  .bss                zero     0x200046e0     0x4  xgetmemchunk.o [3]
  .bss                zero     0x200046e4     0x1  stm32f4xx_it.o [1]
                             - 0x200046e5  0x3f95


*******************************************************************************
*** INIT TABLE
***

          Address     Size
          -------     ----
Zero (__iar_zero_init3)
    1 destination range, total size 0x3f95:
          0x20000750  0x3f95

Copy/packbits (__iar_packbits_init_single3)
    1 source range, total size 0x36 (16% of destination):
          0x08005470    0x36
    1 destination range, total size 0x14c:
          0x20000000   0x14c



*******************************************************************************
*** MODULE SUMMARY
***

    Module                        ro code  ro data  rw data
    ------                        -------  -------  -------
E:\02-Smart\00-System\99-EngineeringTest\MotorControl\MotorControl\EWARM\MotorControl\Obj: [1]
    cmsis_os.o                        132
    heap_4.o                          428            15 384
    list.o                            142
    main.o                          1 044       12      312
    port.o                            492        1       12
    portasm.o                         168
    queue.o                         1 408                64
    startup_stm32f401xc.o             632
    stm32f4xx_hal.o                    72                 4
    stm32f4xx_hal_cortex.o            216
    stm32f4xx_hal_gpio.o              456
    stm32f4xx_hal_msp.o               512
    stm32f4xx_hal_rcc.o             1 214
    stm32f4xx_hal_tim.o             1 756
    stm32f4xx_hal_tim_ex.o            450
    stm32f4xx_hal_timebase_TIM.o      124                60
    stm32f4xx_hal_uart.o              774
    stm32f4xx_it.o                    436                 1
    system_stm32f4xx.o                 96        9        4
    tasks.o                         1 936               300
    timers.o                          880                60
    -------------------------------------------------------
    Total:                         13 368       22   16 201

command line: [2]
    -------------------------------------------------------
    Total:

dl7M_tlf.a: [3]
    div.o                              14
    exit.o                              4
    localeconv.o                      108       22      136
    low_level_init.o                    4
    printf.o                           36
    putchar.o                          12
    setlocale.o                        20       19      116
    xencoding_sb.o                     96
    xfiles.o                                    11      144
    xgetmemchunk.o                     44                 4
    xmbcurmax.o                        10
    xmbtowc.o                          32
    xprintffull.o                   4 454
    xprout.o                           22
    xtls.o                              2
    xwctomb.o                          26
    xxmemxfree.o                      128
    xxmemxmalloc.o                    176                 8
    -------------------------------------------------------
    Total:                          5 188       52      408

m7M_tls.a: [4]
    DblAdd.o                          212
    DblCmpGe.o                         46
    DblCmpLe.o                         46
    DblDiv.o                          598
    DblMul.o                          418
    DblSub.o                          384
    DblToI32.o                         88
    I32ToDbl.o                         48
    fpinit_M.o                         34
    xdnorm.o                           66
    xdscale.o                         276
    -------------------------------------------------------
    Total:                          2 216

rt7M_tl.a: [5]
    ABImemcpy_unaligned.o             118
    I64DivMod.o                       238
    I64DivZer.o                         2
    cexit.o                            10
    cmain.o                            26
    cstartup_M.o                       12
    data_init.o                        40
    memchr.o                           88
    packbits_init_single.o             56
    strchr.o                           22
    strlen.o                           54
    zero_init3.o                       64
    -------------------------------------------------------
    Total:                            730

shb_l.a: [6]
    exit.o                             20
    -------------------------------------------------------
    Total:                             20

    Gaps                               40        2
    Linker created                              32    1 536
-----------------------------------------------------------
    Grand Total:                   21 562      108   18 145


*******************************************************************************
*** ENTRY LIST
***

Entry                      Address    Size  Type      Object
-----                      -------    ----  ----      ------
.iar.init_table$$Base   0x080052e4           --   Gb  - Linker created -
.iar.init_table$$Limit  0x08005304           --   Gb  - Linker created -
?main                   0x08005305          Code  Gb  cmain.o [5]
AHBPrescTable           0x08005210    0x10  Data  Gb  system_stm32f4xx.o [1]
APBPrescTable           0x08005394     0x8  Data  Gb  system_stm32f4xx.o [1]
BusFault_Handler        0x08003ec1     0x2  Code  Gb  stm32f4xx_it.o [1]
CSTACK$$Base            0x20000150           --   Gb  - Linker created -
CSTACK$$Limit           0x20000550           --   Gb  - Linker created -
DebugMon_Handler        0x08003ec5     0x2  Code  Gb  stm32f4xx_it.o [1]
HAL_GPIO_Init           0x080046c5   0x198  Code  Gb  stm32f4xx_hal_gpio.o [1]
HAL_GPIO_TogglePin      0x08004865     0x8  Code  Gb  stm32f4xx_hal_gpio.o [1]
HAL_GPIO_WritePin       0x0800485d     0x8  Code  Gb  stm32f4xx_hal_gpio.o [1]
HAL_GetTick             0x08004e2f     0x6  Code  Wk  stm32f4xx_hal.o [1]
HAL_IncTick             0x08004e25     0xa  Code  Wk  stm32f4xx_hal.o [1]
HAL_Init                0x08004df5    0x30  Code  Gb  stm32f4xx_hal.o [1]
HAL_InitTick            0x08005145    0x6c  Code  Gb  stm32f4xx_hal_timebase_TIM.o [1]
HAL_MspInit             0x08003c61    0x60  Code  Gb  stm32f4xx_hal_msp.o [1]
HAL_NVIC_EnableIRQ      0x0800465b     0xc  Code  Gb  stm32f4xx_hal_cortex.o [1]
HAL_NVIC_SetPriority    0x08004621    0x3a  Code  Gb  stm32f4xx_hal_cortex.o [1]
HAL_NVIC_SetPriorityGrouping
                        0x08004607    0x1a  Code  Gb  stm32f4xx_hal_cortex.o [1]
HAL_RCC_CSSCallback     0x08004d49     0x2  Code  Wk  stm32f4xx_hal_rcc.o [1]
HAL_RCC_ClockConfig     0x08004b17   0x12a  Code  Gb  stm32f4xx_hal_rcc.o [1]
HAL_RCC_EnableCSS       0x08004c4f     0x8  Code  Gb  stm32f4xx_hal_rcc.o [1]
HAL_RCC_GetClockConfig  0x08004cc7    0x34  Code  Gb  stm32f4xx_hal_rcc.o [1]
HAL_RCC_GetHCLKFreq     0x08004c9d     0x6  Code  Gb  stm32f4xx_hal_rcc.o [1]
HAL_RCC_GetPCLK1Freq    0x08004ca3    0x10  Code  Gb  stm32f4xx_hal_rcc.o [1]
HAL_RCC_GetPCLK2Freq    0x08004cb3     0xe  Code  Gb  stm32f4xx_hal_rcc.o [1]
HAL_RCC_GetSysClockFreq
                        0x08004c57    0x46  Code  Wk  stm32f4xx_hal_rcc.o [1]
HAL_RCC_NMI_IRQHandler  0x08004cfb    0x14  Code  Gb  stm32f4xx_hal_rcc.o [1]
HAL_RCC_OscConfig       0x0800488d   0x282  Code  Wk  stm32f4xx_hal_rcc.o [1]
HAL_SYSTICK_CLKSourceConfig
                        0x08004697    0x14  Code  Gb  stm32f4xx_hal_cortex.o [1]
HAL_SYSTICK_Config      0x0800466f    0x28  Code  Gb  stm32f4xx_hal_cortex.o [1]
HAL_TIMEx_BreakCallback
                        0x080045e9     0x2  Code  Wk  stm32f4xx_hal_tim_ex.o [1]
HAL_TIMEx_CommutationCallback
                        0x08003fc3    0x12  Code  Gb  stm32f4xx_it.o [1]
HAL_TIMEx_ConfigBreakDeadTime
                        0x08004597    0x52  Code  Gb  stm32f4xx_hal_tim_ex.o [1]
HAL_TIMEx_ConfigCommutationEvent_IT
                        0x080044db    0x30  Code  Gb  stm32f4xx_hal_tim_ex.o [1]
HAL_TIMEx_HallSensor_Init
                        0x08004429    0xb2  Code  Gb  stm32f4xx_hal_tim_ex.o [1]
HAL_TIMEx_HallSensor_MspInit
                        0x08003d59    0x46  Code  Gb  stm32f4xx_hal_msp.o [1]
HAL_TIMEx_MasterConfigSynchronization
                        0x0800454d    0x4a  Code  Gb  stm32f4xx_hal_tim_ex.o [1]
HAL_TIM_Base_Init       0x08003585    0x1a  Code  Gb  stm32f4xx_hal_tim.o [1]
HAL_TIM_Base_MspInit    0x08003cc1    0x62  Code  Gb  stm32f4xx_hal_msp.o [1]
HAL_TIM_Base_Start_IT   0x0800359f    0x16  Code  Gb  stm32f4xx_hal_tim.o [1]
HAL_TIM_Encoder_Init    0x08003667    0x84  Code  Gb  stm32f4xx_hal_tim.o [1]
HAL_TIM_Encoder_MspInit
                        0x08003d23    0x36  Code  Gb  stm32f4xx_hal_msp.o [1]
HAL_TIM_IC_CaptureCallback
                        0x08003fbf     0x2  Code  Gb  stm32f4xx_it.o [1]
HAL_TIM_IC_Start_IT     0x08003617     0xe  Code  Gb  stm32f4xx_hal_tim.o [1]
HAL_TIM_IRQHandler      0x080036eb   0x14a  Code  Gb  stm32f4xx_hal_tim.o [1]
HAL_TIM_MspPostInit     0x08003dbb    0x2a  Code  Gb  stm32f4xx_hal_msp.o [1]
HAL_TIM_OC_DelayElapsedCallback
                        0x08003fc1     0x2  Code  Gb  stm32f4xx_it.o [1]
HAL_TIM_PWM_ConfigChannel
                        0x08003835    0xb8  Code  Gb  stm32f4xx_hal_tim.o [1]
HAL_TIM_PWM_Init        0x080035c9    0x1a  Code  Gb  stm32f4xx_hal_tim.o [1]
HAL_TIM_PWM_MspInit     0x080035eb     0x2  Code  Wk  stm32f4xx_hal_tim.o [1]
HAL_TIM_PWM_PulseFinishedCallback
                        0x08003965     0x2  Code  Wk  stm32f4xx_hal_tim.o [1]
HAL_TIM_PeriodElapsedCallback
                        0x0800439f     0xe  Code  Gb  main.o [1]
HAL_TIM_SlaveConfigSynchronization
                        0x0800391d    0x1a  Code  Gb  stm32f4xx_hal_tim.o [1]
HAL_TIM_TriggerCallback
                        0x08003967     0x2  Code  Wk  stm32f4xx_hal_tim.o [1]
HAL_UART_Init           0x08004e3d    0x28  Code  Gb  stm32f4xx_hal_uart.o [1]
HAL_UART_MspInit        0x08003e01    0x36  Code  Gb  stm32f4xx_hal_msp.o [1]
HAL_UART_Transmit       0x08004eab    0xa0  Code  Gb  stm32f4xx_hal_uart.o [1]
HEAP$$Base              0x20000550           --   Gb  - Linker created -
HEAP$$Limit             0x20000750           --   Gb  - Linker created -
HardFault_Handler       0x08003ebd     0x2  Code  Gb  stm32f4xx_it.o [1]
LL_TIM_OC_SetMode       0x08003e61    0x58  Code  Lc  stm32f4xx_it.o [1]
LoadInt                 0x080007e3    0x6e  Code  Lc  xprintffull.o [3]
MX_TIM1_Init            0x0800426f    0xb2  Code  Lc  main.o [1]
MX_TIM3_Init            0x08004329    0x4a  Code  Lc  main.o [1]
MemManage_Handler       0x08003ebf     0x2  Code  Gb  stm32f4xx_it.o [1]
MotorCommutation        0x08003eed    0xb0  Code  Gb  stm32f4xx_it.o [1]
NMI_Handler             0x08003eb9     0x4  Code  Gb  stm32f4xx_it.o [1]
NVIC_SetPriority        0x080045ed    0x1a  Code  Lc  stm32f4xx_hal_cortex.o [1]
OFFSET_TAB_CCMRx        0x08004004     0x8  Data  Lc  stm32f4xx_it.o [1]
PendSV_Handler          0x08002f5d          Code  Gb  portasm.o [1]
Region$$Table$$Base     0x080052e4           --   Gb  - Linker created -
Region$$Table$$Limit    0x08005304           --   Gb  - Linker created -
SHIFT_TAB_OCxx          0x0800400c     0x8  Data  Lc  stm32f4xx_it.o [1]
SVC_Handler             0x08002fb5          Code  Gb  portasm.o [1]
StartDefaultTask        0x08004393     0xa  Code  Gb  main.o [1]
SysTick_Handler         0x08003ec7    0x12  Code  Gb  stm32f4xx_it.o [1]
SystemClock_Config      0x080041bd    0xb2  Code  Gb  main.o [1]
SystemCoreClock         0x2000000c     0x4  Data  Gb  system_stm32f4xx.o [1]
SystemInit              0x080051c1    0x3a  Code  Gb  system_stm32f4xx.o [1]
TIM1_TRG_COM_TIM11_IRQHandler
                        0x08003ed9     0x6  Code  Gb  stm32f4xx_it.o [1]
TIM4_IRQHandler         0x08003edf     0x6  Code  Gb  stm32f4xx_it.o [1]
TIM5_IRQHandler         0x08003ee5     0x6  Code  Gb  stm32f4xx_it.o [1]
TIM_Base_SetConfig      0x08003969    0x72  Code  Gb  stm32f4xx_hal_tim.o [1]
TIM_CCxChannelCmd       0x08003a8d    0x18  Code  Gb  stm32f4xx_hal_tim.o [1]
TIM_ETR_SetConfig       0x08003c4d    0x14  Code  Lc  stm32f4xx_hal_tim.o [1]
TIM_OC1_SetConfig       0x08003aa5    0x44  Code  Lc  stm32f4xx_hal_tim.o [1]
TIM_OC2_SetConfig       0x08003a41    0x4c  Code  Gb  stm32f4xx_hal_tim.o [1]
TIM_OC3_SetConfig       0x08003af5    0x50  Code  Lc  stm32f4xx_hal_tim.o [1]
TIM_OC4_SetConfig       0x08003b6d    0x40  Code  Lc  stm32f4xx_hal_tim.o [1]
TIM_SlaveTimer_SetConfig
                        0x08003bad    0x5a  Code  Lc  stm32f4xx_hal_tim.o [1]
TIM_TI1_ConfigInputStage
                        0x08003c07    0x22  Code  Lc  stm32f4xx_hal_tim.o [1]
TIM_TI1_SetConfig       0x080039db    0x5a  Code  Gb  stm32f4xx_hal_tim.o [1]
TIM_TI2_ConfigInputStage
                        0x08003c29    0x24  Code  Lc  stm32f4xx_hal_tim.o [1]
UART_SetConfig          0x08004fc5   0x13a  Code  Lc  stm32f4xx_hal_uart.o [1]
UART_WaitOnFlagUntilTimeout
                        0x08004f6f    0x56  Code  Lc  stm32f4xx_hal_uart.o [1]
UsageFault_Handler      0x08003ec3     0x2  Code  Gb  stm32f4xx_it.o [1]
_EncodingSb_Mbtowc      0x08001ee7    0x30  Code  Gb  xencoding_sb.o [3]
_EncodingSb_Wctomb      0x08001ecd    0x1a  Code  Gb  xencoding_sb.o [3]
_GenldFull              0x08001067   0x24c  Code  Lc  xprintffull.o [3]
_IsdstStr               0x200000dc     0x4  Data  Gb  setlocale.o [3]
_LdtobFull              0x08000c65   0x3fc  Code  Lc  xprintffull.o [3]
_LitobFull              0x08000b5d   0x106  Code  Lc  xprintffull.o [3]
_LocaleEncoding         0x08001eb9     0xe  Code  Gb  setlocale.o [3]
_LocaleReturnString     0x200000fc    0x50  Data  Lc  setlocale.o [3]
_Locale_Profile         0x200000e0    0x1c  Data  Gb  setlocale.o [3]
_Locale_aeabi_lconv     0x200000a0    0x38  Data  Gb  localeconv.o [3]
_Locale_lconv           0x20000050    0x50  Data  Gb  localeconv.o [3]
_Mbtowc                 0x080012fb    0x20  Code  Gb  xmbtowc.o [3]
_PrintfFull             0x08000195   0x638  Code  Gb  xprintffull.o [3]
_Prout                  0x08005349    0x16  Code  Gb  xprout.o [3]
_PutcharsFull           0x080012b3    0x2e  Code  Lc  xprintffull.o [3]
_PutstrFull             0x08000851   0x306  Code  Lc  xprintffull.o [3]
_TzoneStr               0x200000d8     0x4  Data  Gb  setlocale.o [3]
_Wctomb                 0x08001481    0x1a  Code  Gb  xwctomb.o [3]
__aeabi_cdcmple         0x080016c5          Code  Gb  DblCmpLe.o [4]
__aeabi_cdrcmple        0x080016f5          Code  Gb  DblCmpGe.o [4]
__aeabi_d2iz            0x08001839          Code  Gb  DblToI32.o [4]
__aeabi_d2uiz           0x08001865          Code  Gb  DblToI32.o [4]
__aeabi_ddiv            0x08001be5          Code  Gb  DblDiv.o [4]
__aeabi_dmul            0x08001a41          Code  Gb  DblMul.o [4]
__aeabi_dsub            0x080018c1          Code  Gb  DblSub.o [4]
__aeabi_i2d             0x08001891          Code  Gb  I32ToDbl.o [4]
__aeabi_ldiv0           0x08001f59          Code  Gb  I64DivZer.o [5]
__aeabi_ui2d            0x080018a5          Code  Gb  I32ToDbl.o [4]
__aeabi_uldivmod        0x08001595          Code  Gb  I64DivMod.o [5]
__cmain                 0x08005305          Code  Gb  cmain.o [5]
__data_Aldata           0x200046d4     0x8  Data  Gb  xxmemxmalloc.o [3]
__data_GetMemChunk      0x08001f2d    0x2c  Code  Gb  xgetmemchunk.o [3]
__exit                  0x08005335    0x14  Code  Gb  exit.o [6]
__iar_Dnorm             0x08001683    0x42  Code  Gb  xdnorm.o [4]
__iar_Dscale            0x08001725   0x114  Code  Gb  xdscale.o [4]
__iar_Locale_lconv_init
                        0x08001e3d    0x3a  Code  Gb  localeconv.o [3]
__iar_Mbcurmax          0x080013c5     0xa  Code  Gb  xmbcurmax.o [3]
__iar_Memchr            0x0800136d          Code  Gb  memchr.o [5]
__iar_Stdout            0x20000010    0x40  Data  Gb  xfiles.o [3]
__iar_Strchr            0x0800131d          Code  Gb  strchr.o [5]
__iar_d2uiz             0x08001871          Code  Gb  DblToI32.o [4]
__iar_dadd              0x08001f5d          Code  Gb  DblAdd.o [4]
__iar_data_init3        0x08005299    0x28  Code  Gb  data_init.o [5]
__iar_dlib_perthread_access
                        0x08002031     0x2  Code  Gb  xtls.o [3]
__iar_dsub              0x080018d5          Code  Gb  DblSub.o [4]
__iar_dsubStart         0x080018e7          Code  Gb  DblSub.o [4]
__iar_init_vfp          0x080052c1          Code  Gb  fpinit_M.o [4]
__iar_packbits_init_single3
                        0x08005261    0x38  Code  Gb  packbits_init_single.o [5]
__iar_program_start     0x08005389          Code  Gb  cstartup_M.o [5]
__iar_ui2d              0x080018a9          Code  Gb  I32ToDbl.o [4]
__iar_unaligned___aeabi_memcpy
                        0x0800149d          Code  Gb  ABImemcpy_unaligned.o [5]
__iar_unaligned___aeabi_memcpy4
                        0x080014bd          Code  Gb  ABImemcpy_unaligned.o [5]
__iar_unaligned___aeabi_memcpy8
                        0x080014bd          Code  Gb  ABImemcpy_unaligned.o [5]
__iar_zero_init3        0x08005221    0x40  Code  Gb  zero_init3.o [5]
__low_level_init        0x0800531f     0x4  Code  Gb  low_level_init.o [3]
__vector_table          0x08000000          Data  Gb  startup_stm32f401xc.o [1]
_call_main              0x08005311          Code  Gb  cmain.o [5]
_exit                   0x08005329          Code  Gb  cexit.o [5]
_main                   0x0800531b          Code  Gb  cmain.o [5]
defaultTaskHandle       0x2000450c     0x4  Data  Gb  main.o [1]
div                     0x08001ea9     0xe  Code  Gb  div.o [3]
exit                    0x08005323     0x4  Code  Gb  exit.o [3]
fputc                   0x0800437f    0x14  Code  Gb  main.o [1]
free                    0x08001515    0x7a  Code  Gb  xxmemxfree.o [3]
htim1                   0x200045e4    0x3c  Data  Gb  main.o [1]
htim2                   0x20004494    0x3c  Data  Gb  main.o [1]
htim3                   0x20004620    0x3c  Data  Gb  main.o [1]
htim4                   0x200044d0    0x3c  Data  Gb  main.o [1]
htim5                   0x2000465c    0x3c  Data  Gb  stm32f4xx_hal_timebase_TIM.o [1]
huart2                  0x20004564    0x40  Data  Gb  main.o [1]
lastHallPos             0x200046e4     0x1  Data  Lc  stm32f4xx_it.o [1]
localeconv              0x08001e77    0x16  Code  Gb  localeconv.o [3]
main                    0x08004015   0x19c  Code  Gb  main.o [1]
makeFreeRtosPriority    0x08004d4d     0xc  Code  Lc  cmsis_os.o [1]
malloc                  0x080013d1    0xac  Code  Gb  xxmemxmalloc.o [3]
memchr                  0x0800136d          Code  Gb  memchr.o [5]
obuf                    0x20004514    0x50  Data  Lc  xfiles.o [3]
osDelay                 0x08004d8f     0xe  Code  Gb  cmsis_os.o [1]
osEncoderCallback       0x0800439d     0x2  Code  Gb  main.o [1]
osGetEncoderValueHandle
                        0x20004510     0x4  Data  Gb  main.o [1]
osKernelStart           0x08004d59     0xa  Code  Gb  cmsis_os.o [1]
osSystickHandler        0x08004dbd    0x14  Code  Gb  cmsis_os.o [1]
osThreadCreate          0x08004d63    0x2c  Code  Gb  cmsis_os.o [1]
osTimerCreate           0x08004d9d    0x1a  Code  Gb  cmsis_os.o [1]
printf                  0x08004dd1    0x24  Code  Gb  printf.o [3]
prvAddCurrentTaskToDelayedList
                        0x08002749    0x68  Code  Lc  tasks.o [1]
prvAddNewTaskToReadyList
                        0x08002105    0xa6  Code  Lc  tasks.o [1]
prvCheckForValidListAndQueue
                        0x08002efd    0x46  Code  Lc  timers.o [1]
prvCopyDataFromQueue    0x08003471    0x26  Code  Lc  queue.o [1]
prvCopyDataToQueue      0x08003409    0x68  Code  Lc  queue.o [1]
prvDeleteTCB            0x080025b1    0x14  Code  Lc  tasks.o [1]
prvIdleTask             0x08002549    0x54  Code  Lc  tasks.o [1]
prvInitialiseNewQueue   0x080030bf    0x16  Code  Lc  queue.o [1]
prvInitialiseNewTask    0x0800208d    0x78  Code  Lc  tasks.o [1]
prvInitialiseNewTimer   0x08002c4f    0x38  Code  Lc  timers.o [1]
prvInsertBlockIntoFreeList
                        0x08002923    0x46  Code  Lc  heap_4.o [1]
prvInsertTimerInActiveList
                        0x08002e1f    0x34  Code  Lc  timers.o [1]
prvIsQueueEmpty         0x080034fd    0x16  Code  Lc  queue.o [1]
prvProcessReceivedCommands
                        0x08002e55    0xa8  Code  Lc  timers.o [1]
prvProcessTimerOrBlockTask
                        0x08002cfb    0x9a  Code  Lc  timers.o [1]
prvResetNextTaskUnblockTime
                        0x080025c5    0x1c  Code  Lc  tasks.o [1]
prvSampleTimeNow        0x08002d95    0x7a  Code  Lc  timers.o [1]
prvTaskExitError        0x08002a29    0x28  Code  Lc  port.o [1]
prvTimerTask            0x08002cd9    0x22  Code  Lc  timers.o [1]
prvUnlockQueue          0x08003497    0x66  Code  Lc  queue.o [1]
putchar                 0x08005361     0xc  Code  Gb  putchar.o [3]
pvPortMalloc            0x080027c5    0xfa  Code  Gb  heap_4.o [1]
pvTaskIncrementMutexHeldCount
                        0x08002703    0x14  Code  Gb  tasks.o [1]
pxCurrentTCB            0x20004390     0x4  Data  Gb  tasks.o [1]
pxCurrentTimerList      0x20004698     0x4  Data  Lc  timers.o [1]
pxDelayedTaskList       0x20004394     0x4  Data  Lc  tasks.o [1]
pxEnd                   0x20000758     0x4  Data  Lc  heap_4.o [1]
pxOverflowDelayedTaskList
                        0x20004398     0x4  Data  Lc  tasks.o [1]
pxOverflowTimerList     0x2000469c     0x4  Data  Lc  timers.o [1]
pxPortInitialiseStack   0x08002a01    0x26  Code  Gb  port.o [1]
pxReadyTasksLists       0x20004408    0x8c  Data  Lc  tasks.o [1]
strchr                  0x0800131d          Code  Gb  strchr.o [5]
strlen                  0x08001335          Code  Gb  strlen.o [5]
ucHeap                  0x20000768  0x3c00  Data  Lc  heap_4.o [1]
ucMaxSysCallPriority    0x20000000     0x1  Data  Lc  port.o [1]
ulMaxPRIGROUPValue      0x20000008     0x4  Data  Lc  port.o [1]
uwTick                  0x200046dc     0x4  Data  Gb  stm32f4xx_hal.o [1]
uxCriticalNesting       0x20000004     0x4  Data  Lc  port.o [1]
uxCurrentNumberOfTasks  0x200043b4     0x4  Data  Lc  tasks.o [1]
uxDeletedTasksWaitingCleanUp
                        0x2000439c     0x4  Data  Lc  tasks.o [1]
uxListRemove            0x080029db    0x24  Code  Gb  list.o [1]
uxPendedTicks           0x200043c4     0x4  Data  Lc  tasks.o [1]
uxSchedulerSuspended    0x200043d8     0x4  Data  Lc  tasks.o [1]
uxTaskNumber            0x200043d0     0x4  Data  Lc  tasks.o [1]
uxTopReadyPriority      0x200043bc     0x4  Data  Lc  tasks.o [1]
vListInitialise         0x08002971    0x1a  Code  Gb  list.o [1]
vListInitialiseItem     0x0800298b     0x6  Code  Gb  list.o [1]
vListInsert             0x080029a9    0x32  Code  Gb  list.o [1]
vListInsertEnd          0x08002991    0x18  Code  Gb  list.o [1]
vPortEnableVFP          0x08002fe9          Code  Gb  portasm.o [1]
vPortEnterCritical      0x08002ae9    0x32  Code  Gb  port.o [1]
vPortExitCritical       0x08002b1b    0x24  Code  Gb  port.o [1]
vPortFree               0x080028d1    0x44  Code  Gb  heap_4.o [1]
vPortSetupTimerInterrupt
                        0x08002b65    0x18  Code  Wk  port.o [1]
vPortStartFirstTask     0x08002fd1          Code  Gb  portasm.o [1]
vPortValidateInterruptPriority
                        0x08002b7d    0x42  Code  Gb  port.o [1]
vQueueAddToRegistry     0x08003513    0x20  Code  Gb  queue.o [1]
vQueueWaitForMessageRestricted
                        0x0800353d    0x48  Code  Gb  queue.o [1]
vTaskDelay              0x080021ab    0x28  Code  Gb  tasks.o [1]
vTaskMissedYield        0x0800253f     0xa  Code  Gb  tasks.o [1]
vTaskPlaceOnEventList   0x0800240f    0x14  Code  Gb  tasks.o [1]
vTaskPlaceOnEventListRestricted
                        0x08002427    0x1e  Code  Gb  tasks.o [1]
vTaskPriorityInherit    0x080025f9    0x6e  Code  Gb  tasks.o [1]
vTaskSetTimeOutState    0x080024c7    0x20  Code  Gb  tasks.o [1]
vTaskStartScheduler     0x080021dd    0x5e  Code  Gb  tasks.o [1]
vTaskSuspendAll         0x0800223b     0xc  Code  Gb  tasks.o [1]
vTaskSwitchContext      0x080023bd    0x52  Code  Gb  tasks.o [1]
xActiveTimerList1       0x200046ac    0x14  Data  Lc  timers.o [1]
xActiveTimerList2       0x200046c0    0x14  Data  Lc  timers.o [1]
xBlockAllocatedBit      0x20000764     0x4  Data  Lc  heap_4.o [1]
xDelayedTaskList1       0x200043dc    0x14  Data  Lc  tasks.o [1]
xDelayedTaskList2       0x200043f0    0x14  Data  Lc  tasks.o [1]
xFreeBytesRemaining     0x2000075c     0x4  Data  Lc  heap_4.o [1]
xIdleTaskHandle         0x20004404     0x4  Data  Lc  tasks.o [1]
xMinimumEverFreeBytesRemaining
                        0x20000760     0x4  Data  Lc  heap_4.o [1]
xNextTaskUnblockTime    0x200043d4     0x4  Data  Lc  tasks.o [1]
xNumOfOverflows         0x200043cc     0x4  Data  Lc  tasks.o [1]
xPendingReadyList       0x20004368    0x14  Data  Lc  tasks.o [1]
xPortStartScheduler     0x08002a51    0x84  Code  Gb  port.o [1]
xPortSysTickHandler     0x08002b3f    0x26  Code  Gb  port.o [1]
xQueueGenericCreate     0x08003083    0x3c  Code  Gb  queue.o [1]
xQueueGenericReceive    0x0800329d   0x14e  Code  Gb  queue.o [1]
xQueueGenericReset      0x08003005    0x7e  Code  Gb  queue.o [1]
xQueueGenericSend       0x080030d5   0x132  Code  Gb  queue.o [1]
xQueueGenericSendFromISR
                        0x08003207    0x96  Code  Gb  queue.o [1]
xQueueRegistry          0x200045a4    0x40  Data  Gb  queue.o [1]
xSchedulerRunning       0x200043c0     0x4  Data  Lc  tasks.o [1]
xStart                  0x20000750     0x8  Data  Lc  heap_4.o [1]
xSuspendedTaskList      0x200043a0    0x14  Data  Lc  tasks.o [1]
xTaskCheckForTimeOut    0x080024e7    0x50  Code  Gb  tasks.o [1]
xTaskCreate             0x08002035    0x58  Code  Gb  tasks.o [1]
xTaskGetSchedulerState  0x080025e1    0x18  Code  Gb  tasks.o [1]
xTaskGetTickCount       0x080022ed     0x8  Code  Gb  tasks.o [1]
xTaskIncrementTick      0x080022f5    0xb4  Code  Gb  tasks.o [1]
xTaskPriorityDisinherit
                        0x08002667    0x7a  Code  Gb  tasks.o [1]
xTaskRemoveFromEventList
                        0x08002461    0x52  Code  Gb  tasks.o [1]
xTaskResumeAll          0x08002247    0x92  Code  Gb  tasks.o [1]
xTasksWaitingTermination
                        0x2000437c    0x14  Data  Lc  tasks.o [1]
xTickCount              0x200043b8     0x4  Data  Lc  tasks.o [1]
xTimerCreate            0x08002c21    0x2e  Code  Gb  timers.o [1]
xTimerCreateTimerTask   0x08002bed    0x34  Code  Gb  timers.o [1]
xTimerGenericCommand    0x08002c87    0x50  Code  Gb  timers.o [1]
xTimerQueue             0x200046a0     0x4  Data  Lc  timers.o [1]
xTimerTaskHandle        0x200046a4     0x4  Data  Lc  timers.o [1]
xYieldPending           0x200043c8     0x4  Data  Lc  tasks.o [1]


[1] = E:\02-Smart\00-System\99-EngineeringTest\MotorControl\MotorControl\EWARM\MotorControl\Obj
[2] = command line
[3] = dl7M_tlf.a
[4] = m7M_tls.a
[5] = rt7M_tl.a
[6] = shb_l.a

  21 562 bytes of readonly  code memory
     108 bytes of readonly  data memory
  18 145 bytes of readwrite data memory

Errors: none
Warnings: none
