###############################################################################
#
# IAR ELF Linker V7.50.2.10312/W32 for ARM                15/Aug/2017  17:11:17
# Copyright 2007-2015 IAR Systems AB.
#
#    Output file  =  
#        E:\02-Smart\00-System\99-EngineeringTest\MotorControl\MotorControl\EWARM\MotorControl\Exe\MotorControl.out
#    Map file     =  
#        E:\02-Smart\00-System\99-EngineeringTest\MotorControl\MotorControl\EWARM\MotorControl\List\MotorControl.map
#    Command line =  
#        E:\02-Smart\00-System\99-EngineeringTest\MotorControl\MotorControl\EWARM\MotorControl\Obj\cmsis_os.o
#        E:\02-Smart\00-System\99-EngineeringTest\MotorControl\MotorControl\EWARM\MotorControl\Obj\croutine.o
#        E:\02-Smart\00-System\99-EngineeringTest\MotorControl\MotorControl\EWARM\MotorControl\Obj\event_groups.o
#        E:\02-Smart\00-System\99-EngineeringTest\MotorControl\MotorControl\EWARM\MotorControl\Obj\freertos.o
#        E:\02-Smart\00-System\99-EngineeringTest\MotorControl\MotorControl\EWARM\MotorControl\Obj\gpio.o
#        E:\02-Smart\00-System\99-EngineeringTest\MotorControl\MotorControl\EWARM\MotorControl\Obj\heap_4.o
#        E:\02-Smart\00-System\99-EngineeringTest\MotorControl\MotorControl\EWARM\MotorControl\Obj\list.o
#        E:\02-Smart\00-System\99-EngineeringTest\MotorControl\MotorControl\EWARM\MotorControl\Obj\main.o
#        E:\02-Smart\00-System\99-EngineeringTest\MotorControl\MotorControl\EWARM\MotorControl\Obj\port.o
#        E:\02-Smart\00-System\99-EngineeringTest\MotorControl\MotorControl\EWARM\MotorControl\Obj\portasm.o
#        E:\02-Smart\00-System\99-EngineeringTest\MotorControl\MotorControl\EWARM\MotorControl\Obj\queue.o
#        E:\02-Smart\00-System\99-EngineeringTest\MotorControl\MotorControl\EWARM\MotorControl\Obj\startup_stm32f401xc.o
#        E:\02-Smart\00-System\99-EngineeringTest\MotorControl\MotorControl\EWARM\MotorControl\Obj\stm32f4xx_hal.o
#        E:\02-Smart\00-System\99-EngineeringTest\MotorControl\MotorControl\EWARM\MotorControl\Obj\stm32f4xx_hal_cortex.o
#        E:\02-Smart\00-System\99-EngineeringTest\MotorControl\MotorControl\EWARM\MotorControl\Obj\stm32f4xx_hal_dma.o
#        E:\02-Smart\00-System\99-EngineeringTest\MotorControl\MotorControl\EWARM\MotorControl\Obj\stm32f4xx_hal_dma_ex.o
#        E:\02-Smart\00-System\99-EngineeringTest\MotorControl\MotorControl\EWARM\MotorControl\Obj\stm32f4xx_hal_flash.o
#        E:\02-Smart\00-System\99-EngineeringTest\MotorControl\MotorControl\EWARM\MotorControl\Obj\stm32f4xx_hal_flash_ex.o
#        E:\02-Smart\00-System\99-EngineeringTest\MotorControl\MotorControl\EWARM\MotorControl\Obj\stm32f4xx_hal_flash_ramfunc.o
#        E:\02-Smart\00-System\99-EngineeringTest\MotorControl\MotorControl\EWARM\MotorControl\Obj\stm32f4xx_hal_gpio.o
#        E:\02-Smart\00-System\99-EngineeringTest\MotorControl\MotorControl\EWARM\MotorControl\Obj\stm32f4xx_hal_msp.o
#        E:\02-Smart\00-System\99-EngineeringTest\MotorControl\MotorControl\EWARM\MotorControl\Obj\stm32f4xx_hal_pwr.o
#        E:\02-Smart\00-System\99-EngineeringTest\MotorControl\MotorControl\EWARM\MotorControl\Obj\stm32f4xx_hal_pwr_ex.o
#        E:\02-Smart\00-System\99-EngineeringTest\MotorControl\MotorControl\EWARM\MotorControl\Obj\stm32f4xx_hal_rcc.o
#        E:\02-Smart\00-System\99-EngineeringTest\MotorControl\MotorControl\EWARM\MotorControl\Obj\stm32f4xx_hal_rcc_ex.o
#        E:\02-Smart\00-System\99-EngineeringTest\MotorControl\MotorControl\EWARM\MotorControl\Obj\stm32f4xx_hal_tim.o
#        E:\02-Smart\00-System\99-EngineeringTest\MotorControl\MotorControl\EWARM\MotorControl\Obj\stm32f4xx_hal_tim_ex.o
#        E:\02-Smart\00-System\99-EngineeringTest\MotorControl\MotorControl\EWARM\MotorControl\Obj\stm32f4xx_hal_timebase_TIM.o
#        E:\02-Smart\00-System\99-EngineeringTest\MotorControl\MotorControl\EWARM\MotorControl\Obj\stm32f4xx_hal_uart.o
#        E:\02-Smart\00-System\99-EngineeringTest\MotorControl\MotorControl\EWARM\MotorControl\Obj\stm32f4xx_it.o
#        E:\02-Smart\00-System\99-EngineeringTest\MotorControl\MotorControl\EWARM\MotorControl\Obj\system_stm32f4xx.o
#        E:\02-Smart\00-System\99-EngineeringTest\MotorControl\MotorControl\EWARM\MotorControl\Obj\tasks.o
#        E:\02-Smart\00-System\99-EngineeringTest\MotorControl\MotorControl\EWARM\MotorControl\Obj\tim.o
#        E:\02-Smart\00-System\99-EngineeringTest\MotorControl\MotorControl\EWARM\MotorControl\Obj\timers.o
#        E:\02-Smart\00-System\99-EngineeringTest\MotorControl\MotorControl\EWARM\MotorControl\Obj\usart.o
#        --redirect _Printf=_PrintfFull --redirect _Scanf=_ScanfFull -o
#        E:\02-Smart\00-System\99-EngineeringTest\MotorControl\MotorControl\EWARM\MotorControl\Exe\MotorControl.out
#        --map
#        E:\02-Smart\00-System\99-EngineeringTest\MotorControl\MotorControl\EWARM\MotorControl\List\MotorControl.map
#        --config
#        E:\02-Smart\00-System\99-EngineeringTest\MotorControl\MotorControl\EWARM/stm32f401xc_flash.icf
#        --semihosting --entry __iar_program_start --vfe
#
###############################################################################

*******************************************************************************
*** RUNTIME MODEL ATTRIBUTES
***

CppFlavor                     = *
__Heap_Handler                = Basic
__SystemLibrary               = DLib
__dlib_dynamic_initialization = normal


*******************************************************************************
*** PLACEMENT SUMMARY
***

"A1":  place at 0x08000000 { ro section .intvec };
"P1":  place in [from 0x08000000 to 0x0803ffff] { ro };
"P2":  place in [from 0x20000000 to 0x2000ffff] { rw, block CSTACK, block HEAP };

  Section             Kind        Address    Size  Object
  -------             ----        -------    ----  ------
"A1":                                       0x194
  .intvec             ro code  0x08000000   0x194  startup_stm32f401xc.o [1]
                             - 0x08000194   0x194

"P1":                                      0x5617
  .text               ro code  0x08000194  0x1166  xprintffull.o [3]
  .text               ro code  0x080012fa    0x20  xmbtowc.o [3]
  .text               ro code  0x0800131c    0x16  strchr.o [5]
  .text               ro code  0x08001334    0x36  strlen.o [5]
  .text               ro code  0x0800136c    0x58  memchr.o [5]
  .text               ro code  0x080013c4     0xa  xmbcurmax.o [3]
  .text               ro code  0x080013d0    0xb0  xxmemxmalloc.o [3]
  .text               ro code  0x08001480    0x1a  xwctomb.o [3]
  .text               ro code  0x0800149c    0x76  ABImemcpy_unaligned.o [5]
  .text               ro code  0x08001514    0x80  xxmemxfree.o [3]
  .text               ro code  0x08001594    0xee  I64DivMod.o [5]
  .text               ro code  0x08001682    0x42  xdnorm.o [4]
  .text               ro code  0x080016c4    0x2e  DblCmpLe.o [4]
  .text               ro code  0x080016f4    0x2e  DblCmpGe.o [4]
  .text               ro code  0x08001724   0x114  xdscale.o [4]
  .text               ro code  0x08001838    0x58  DblToI32.o [4]
  .text               ro code  0x08001890    0x30  I32ToDbl.o [4]
  .text               ro code  0x080018c0   0x180  DblSub.o [4]
  .text               ro code  0x08001a40   0x1a2  DblMul.o [4]
  .text               ro code  0x08001be4   0x256  DblDiv.o [4]
  .text               ro code  0x08001e3c    0x6c  localeconv.o [3]
  .text               ro code  0x08001ea8     0xe  div.o [3]
  .text               ro code  0x08001eb8    0x14  setlocale.o [3]
  .text               ro code  0x08001ecc    0x60  xencoding_sb.o [3]
  .text               ro code  0x08001f2c    0x2c  xgetmemchunk.o [3]
  .text               ro code  0x08001f58     0x2  I64DivZer.o [5]
  .text               ro code  0x08001f5c    0xd4  DblAdd.o [4]
  .text               ro code  0x08002030     0x2  xtls.o [3]
  .text               ro code  0x08002034   0x83c  stm32f4xx_hal_tim.o [1]
  .text               ro code  0x08002870   0x780  tim.o [1]
  .text               ro code  0x08002ff0    0x80  stm32f4xx_it.o [1]
  .text               ro code  0x08003070   0x13e  main.o [1]
  .text               ro code  0x080031b0   0x1f0  stm32f4xx_hal_tim_ex.o [1]
  .text               ro code  0x080033a0   0x1f8  stm32f4xx_hal_gpio.o [1]
  .text               ro code  0x08003598   0x148  stm32f4xx_hal_cortex.o [1]
  .text               ro code  0x080036e0    0x24  printf.o [3]
  .text               ro code  0x08003704   0x71a  stm32f4xx_hal_rcc.o [1]
  .text               ro code  0x08003e20    0x70  cmsis_os.o [1]
  .text               ro code  0x08003e90    0x54  stm32f4xx_hal.o [1]
  .text               ro code  0x08003ee4    0xc0  gpio.o [1]
  .text               ro code  0x08003fa4    0xb8  usart.o [1]
  .text               ro code  0x0800405c    0x32  freertos.o [1]
  .text               ro code  0x08004090    0x90  stm32f4xx_hal_timebase_TIM.o [1]
  .text               ro code  0x08004120   0x750  tasks.o [1]
  .text               ro code  0x08004870   0x200  port.o [1]
  .text               ro code  0x08004a70    0x5e  stm32f4xx_hal_msp.o [1]
  .text               ro code  0x08004ad0   0x4dc  stm32f4xx_hal_uart.o [1]
  .text               ro code  0x08004fac   0x25c  heap_4.o [1]
  .text               ro code  0x08005208    0x98  list.o [1]
  CODE                ro code  0x080052a0    0xa8  portasm.o [1]
  .text               ro code  0x08005348    0x6c  system_stm32f4xx.o [1]
  .rodata             const    0x080053b4    0x50  main.o [1]
  .rodata             const    0x08005404    0x50  tim.o [1]
  .rodata             const    0x08005454    0x50  usart.o [1]
  .text               ro code  0x080054a4    0x40  zero_init3.o [5]
  .text               ro code  0x080054e4    0x38  packbits_init_single.o [5]
  .rodata             const    0x0800551c    0x30  main.o [1]
  .text               ro code  0x0800554c    0x28  data_init.o [5]
  .text               ro code  0x08005574    0x22  fpinit_M.o [4]
  .iar.init_table     const    0x08005598    0x20  - Linker created -
  .text               ro code  0x080055b8    0x1a  cmain.o [5]
  .text               ro code  0x080055d2     0x4  low_level_init.o [3]
  .text               ro code  0x080055d6     0x4  exit.o [3]
  .text               ro code  0x080055dc     0xa  cexit.o [5]
  .text               ro code  0x080055e8    0x14  exit.o [6]
  .text               ro code  0x080055fc    0x16  xprout.o [3]
  .text               ro code  0x08005614     0xc  putchar.o [3]
  .rodata             const    0x08005620    0x14  freertos.o [1]
  .rodata             const    0x08005634    0x14  tim.o [1]
  .rodata             const    0x08005648    0x10  system_stm32f4xx.o [1]
  .text               ro code  0x08005658    0x10  startup_stm32f401xc.o [1]
  .rodata             const    0x08005668     0xc  freertos.o [1]
  .text               ro code  0x08005674     0xc  cstartup_M.o [5]
  .rodata             const    0x08005680     0x8  system_stm32f4xx.o [1]
  .rodata             const    0x08005688     0x8  tasks.o [1]
  .rodata             const    0x08005690     0x8  tim.o [1]
  .rodata             const    0x08005698     0x8  tim.o [1]
  .rodata             const    0x080056a0     0x4  heap_4.o [1]
  .text               ro code  0x080056a4     0x4  startup_stm32f401xc.o [1]
  .text               ro code  0x080056a8     0x4  startup_stm32f401xc.o [1]
  .text               ro code  0x080056ac     0x4  startup_stm32f401xc.o [1]
  .text               ro code  0x080056b0     0x4  startup_stm32f401xc.o [1]
  .text               ro code  0x080056b4     0x4  startup_stm32f401xc.o [1]
  .text               ro code  0x080056b8     0x4  startup_stm32f401xc.o [1]
  .text               ro code  0x080056bc     0x4  startup_stm32f401xc.o [1]
  .text               ro code  0x080056c0     0x4  startup_stm32f401xc.o [1]
  .text               ro code  0x080056c4     0x4  startup_stm32f401xc.o [1]
  .text               ro code  0x080056c8     0x4  startup_stm32f401xc.o [1]
  .text               ro code  0x080056cc     0x4  startup_stm32f401xc.o [1]
  .text               ro code  0x080056d0     0x4  startup_stm32f401xc.o [1]
  .text               ro code  0x080056d4     0x4  startup_stm32f401xc.o [1]
  .text               ro code  0x080056d8     0x4  startup_stm32f401xc.o [1]
  .text               ro code  0x080056dc     0x4  startup_stm32f401xc.o [1]
  .text               ro code  0x080056e0     0x4  startup_stm32f401xc.o [1]
  .text               ro code  0x080056e4     0x4  startup_stm32f401xc.o [1]
  .text               ro code  0x080056e8     0x4  startup_stm32f401xc.o [1]
  .text               ro code  0x080056ec     0x4  startup_stm32f401xc.o [1]
  .text               ro code  0x080056f0     0x4  startup_stm32f401xc.o [1]
  .text               ro code  0x080056f4     0x4  startup_stm32f401xc.o [1]
  .text               ro code  0x080056f8     0x4  startup_stm32f401xc.o [1]
  .text               ro code  0x080056fc     0x4  startup_stm32f401xc.o [1]
  .text               ro code  0x08005700     0x4  startup_stm32f401xc.o [1]
  .text               ro code  0x08005704     0x4  startup_stm32f401xc.o [1]
  .text               ro code  0x08005708     0x4  startup_stm32f401xc.o [1]
  .text               ro code  0x0800570c     0x4  startup_stm32f401xc.o [1]
  .text               ro code  0x08005710     0x4  startup_stm32f401xc.o [1]
  .text               ro code  0x08005714     0x4  startup_stm32f401xc.o [1]
  .text               ro code  0x08005718     0x4  startup_stm32f401xc.o [1]
  .text               ro code  0x0800571c     0x4  startup_stm32f401xc.o [1]
  .text               ro code  0x08005720     0x4  startup_stm32f401xc.o [1]
  .text               ro code  0x08005724     0x4  startup_stm32f401xc.o [1]
  .text               ro code  0x08005728     0x4  startup_stm32f401xc.o [1]
  .text               ro code  0x0800572c     0x4  startup_stm32f401xc.o [1]
  .text               ro code  0x08005730     0x4  startup_stm32f401xc.o [1]
  .text               ro code  0x08005734     0x4  startup_stm32f401xc.o [1]
  .text               ro code  0x08005738     0x4  startup_stm32f401xc.o [1]
  .text               ro code  0x0800573c     0x4  startup_stm32f401xc.o [1]
  .text               ro code  0x08005740     0x4  startup_stm32f401xc.o [1]
  .text               ro code  0x08005744     0x4  startup_stm32f401xc.o [1]
  .text               ro code  0x08005748     0x4  startup_stm32f401xc.o [1]
  .text               ro code  0x0800574c     0x4  startup_stm32f401xc.o [1]
  .text               ro code  0x08005750     0x4  startup_stm32f401xc.o [1]
  .text               ro code  0x08005754     0x4  startup_stm32f401xc.o [1]
  .text               ro code  0x08005758     0x4  startup_stm32f401xc.o [1]
  .text               ro code  0x0800575c     0x4  startup_stm32f401xc.o [1]
  .text               ro code  0x08005760     0x4  startup_stm32f401xc.o [1]
  .text               ro code  0x08005764     0x4  startup_stm32f401xc.o [1]
  .text               ro code  0x08005768     0x4  startup_stm32f401xc.o [1]
  .text               ro code  0x0800576c     0x4  startup_stm32f401xc.o [1]
  .text               ro code  0x08005770     0x4  startup_stm32f401xc.o [1]
  .text               ro code  0x08005774     0x4  startup_stm32f401xc.o [1]
  .rodata             const    0x08005778     0x0  zero_init3.o [5]
  .rodata             const    0x08005778     0x0  packbits_init_single.o [5]
  Initializer bytes   const    0x08005778    0x33  <for P2-1>
                             - 0x080057ab  0x5617

"P2", part 1 of 3:                          0x144
  P2-1                         0x20000000   0x144  <Init block>
    .data             inited   0x20000000     0x4  port.o [1]
    .data             inited   0x20000004     0x4  system_stm32f4xx.o [1]
    .data             inited   0x20000008    0x40  xfiles.o [3]
    __DLIB_PERTHREAD  inited   0x20000048    0x88  localeconv.o [3]
    __DLIB_PERTHREAD  inited   0x200000d0    0x74  setlocale.o [3]
                             - 0x20000144   0x144

"P2", part 2 of 3:                          0x600
  CSTACK                       0x20000148   0x400  <Block>
    CSTACK            uninit   0x20000148   0x400  <Block tail>
  HEAP                         0x20000548   0x200  <Block>
    HEAP              uninit   0x20000548   0x200  <Block tail>
                             - 0x20000748   0x600

"P2", part 3 of 3:                         0x3f1c
  .bss                zero     0x20000748  0x3c00  heap_4.o [1]
  .bss                zero     0x20004348    0x8c  tasks.o [1]
  .bss                zero     0x200043d4    0x50  xfiles.o [3]
  .bss                zero     0x20004424    0x40  usart.o [1]
  .bss                zero     0x20004464    0x3c  stm32f4xx_hal_timebase_TIM.o [1]
  .bss                zero     0x200044a0    0x3c  tim.o [1]
  .bss                zero     0x200044dc    0x3c  tim.o [1]
  .bss                zero     0x20004518    0x3c  tim.o [1]
  .bss                zero     0x20004554    0x3c  tim.o [1]
  .bss                zero     0x20004590    0x14  tasks.o [1]
  .bss                zero     0x200045a4    0x14  tasks.o [1]
  .bss                zero     0x200045b8    0x14  tasks.o [1]
  .bss                zero     0x200045cc    0x14  tasks.o [1]
  .bss                zero     0x200045e0    0x14  tasks.o [1]
  .bss                zero     0x200045f4     0x8  heap_4.o [1]
  .bss                zero     0x200045fc     0x8  xxmemxmalloc.o [3]
  .bss                zero     0x20004604     0x4  freertos.o [1]
  .bss                zero     0x20004608     0x4  heap_4.o [1]
  .bss                zero     0x2000460c     0x4  heap_4.o [1]
  .bss                zero     0x20004610     0x4  heap_4.o [1]
  .bss                zero     0x20004614     0x4  heap_4.o [1]
  .bss                zero     0x20004618     0x4  port.o [1]
  .bss                zero     0x2000461c     0x4  stm32f4xx_hal.o [1]
  .bss                zero     0x20004620     0x4  tasks.o [1]
  .bss                zero     0x20004624     0x4  tasks.o [1]
  .bss                zero     0x20004628     0x4  tasks.o [1]
  .bss                zero     0x2000462c     0x4  tasks.o [1]
  .bss                zero     0x20004630     0x4  tasks.o [1]
  .bss                zero     0x20004634     0x4  tasks.o [1]
  .bss                zero     0x20004638     0x4  tasks.o [1]
  .bss                zero     0x2000463c     0x4  tasks.o [1]
  .bss                zero     0x20004640     0x4  tasks.o [1]
  .bss                zero     0x20004644     0x4  tasks.o [1]
  .bss                zero     0x20004648     0x4  tasks.o [1]
  .bss                zero     0x2000464c     0x4  tasks.o [1]
  .bss                zero     0x20004650     0x4  tasks.o [1]
  .bss                zero     0x20004654     0x4  tasks.o [1]
  .bss                zero     0x20004658     0x4  tasks.o [1]
  .bss                zero     0x2000465c     0x4  xgetmemchunk.o [3]
  .bss                zero     0x20004660     0x1  port.o [1]
  .bss                zero     0x20004661     0x1  tim.o [1]
                             - 0x20004662  0x3f1a


*******************************************************************************
*** INIT TABLE
***

          Address     Size
          -------     ----
Zero (__iar_zero_init3)
    1 destination range, total size 0x3f1a:
          0x20000748  0x3f1a

Copy/packbits (__iar_packbits_init_single3)
    1 source range, total size 0x33 (15% of destination):
          0x08005778    0x33
    1 destination range, total size 0x144:
          0x20000000   0x144



*******************************************************************************
*** MODULE SUMMARY
***

    Module                        ro code  ro data  rw data
    ------                        -------  -------  -------
E:\02-Smart\00-System\99-EngineeringTest\MotorControl\MotorControl\EWARM\MotorControl\Obj: [1]
    cmsis_os.o                        112
    freertos.o                         50       32        4
    gpio.o                            192
    heap_4.o                          604        4   15 384
    list.o                            152
    main.o                            318      128
    port.o                            512                 9
    portasm.o                         168
    startup_stm32f401xc.o             632
    stm32f4xx_hal.o                    84                 4
    stm32f4xx_hal_cortex.o            328
    stm32f4xx_hal_gpio.o              504
    stm32f4xx_hal_msp.o                94
    stm32f4xx_hal_rcc.o             1 818
    stm32f4xx_hal_tim.o             2 108
    stm32f4xx_hal_tim_ex.o            496
    stm32f4xx_hal_timebase_TIM.o      144                60
    stm32f4xx_hal_uart.o            1 244
    stm32f4xx_it.o                    128
    system_stm32f4xx.o                108       25        4
    tasks.o                         1 872        8      300
    tim.o                           1 920      116      241
    usart.o                           184       80       64
    -------------------------------------------------------
    Total:                         13 772      393   16 070

command line: [2]
    -------------------------------------------------------
    Total:

dl7M_tlf.a: [3]
    div.o                              14
    exit.o                              4
    localeconv.o                      108       21      136
    low_level_init.o                    4
    printf.o                           36
    putchar.o                          12
    setlocale.o                        20       19      116
    xencoding_sb.o                     96
    xfiles.o                                    10      144
    xgetmemchunk.o                     44                 4
    xmbcurmax.o                        10
    xmbtowc.o                          32
    xprintffull.o                   4 454
    xprout.o                           22
    xtls.o                              2
    xwctomb.o                          26
    xxmemxfree.o                      128
    xxmemxmalloc.o                    176                 8
    -------------------------------------------------------
    Total:                          5 188       50      408

m7M_tls.a: [4]
    DblAdd.o                          212
    DblCmpGe.o                         46
    DblCmpLe.o                         46
    DblDiv.o                          598
    DblMul.o                          418
    DblSub.o                          384
    DblToI32.o                         88
    I32ToDbl.o                         48
    fpinit_M.o                         34
    xdnorm.o                           66
    xdscale.o                         276
    -------------------------------------------------------
    Total:                          2 216

rt7M_tl.a: [5]
    ABImemcpy_unaligned.o             118
    I64DivMod.o                       238
    I64DivZer.o                         2
    cexit.o                            10
    cmain.o                            26
    cstartup_M.o                       12
    data_init.o                        40
    memchr.o                           88
    packbits_init_single.o             56
    strchr.o                           22
    strlen.o                           54
    zero_init3.o                       64
    -------------------------------------------------------
    Total:                            730

shb_l.a: [6]
    exit.o                             20
    -------------------------------------------------------
    Total:                             20

    Gaps                               40        2
    Linker created                              32    1 536
-----------------------------------------------------------
    Grand Total:                   21 966      477   18 014


*******************************************************************************
*** ENTRY LIST
***

Entry                      Address    Size  Type      Object
-----                      -------    ----  ----      ------
.iar.init_table$$Base   0x08005598           --   Gb  - Linker created -
.iar.init_table$$Limit  0x080055b8           --   Gb  - Linker created -
?main                   0x080055b9          Code  Gb  cmain.o [5]
AHBPrescTable           0x08005648    0x10  Data  Gb  system_stm32f4xx.o [1]
APBPrescTable           0x08005680     0x8  Data  Gb  system_stm32f4xx.o [1]
BusFault_Handler        0x08002ffd     0x2  Code  Gb  stm32f4xx_it.o [1]
CSTACK$$Base            0x20000148           --   Gb  - Linker created -
CSTACK$$Limit           0x20000548           --   Gb  - Linker created -
DebugMon_Handler        0x08003001     0x2  Code  Gb  stm32f4xx_it.o [1]
HAL_GPIO_Init           0x080033a1   0x1ae  Code  Gb  stm32f4xx_hal_gpio.o [1]
HAL_GPIO_TogglePin      0x08003563     0xa  Code  Gb  stm32f4xx_hal_gpio.o [1]
HAL_GPIO_WritePin       0x0800354f    0x14  Code  Gb  stm32f4xx_hal_gpio.o [1]
HAL_GetTick             0x08003ed7     0x6  Code  Wk  stm32f4xx_hal.o [1]
HAL_IncTick             0x08003ecb     0xc  Code  Wk  stm32f4xx_hal.o [1]
HAL_Init                0x08003e91    0x3a  Code  Gb  stm32f4xx_hal.o [1]
HAL_InitTick            0x08004091    0x80  Code  Gb  stm32f4xx_hal_timebase_TIM.o [1]
HAL_MspInit             0x08004a71    0x5e  Code  Gb  stm32f4xx_hal_msp.o [1]
HAL_NVIC_EnableIRQ      0x0800368b     0xa  Code  Gb  stm32f4xx_hal_cortex.o [1]
HAL_NVIC_SetPriority    0x08003669    0x22  Code  Gb  stm32f4xx_hal_cortex.o [1]
HAL_NVIC_SetPriorityGrouping
                        0x08003661     0x8  Code  Gb  stm32f4xx_hal_cortex.o [1]
HAL_RCC_CSSCallback     0x08003e1d     0x2  Code  Wk  stm32f4xx_hal_rcc.o [1]
HAL_RCC_ClockConfig     0x08003aed   0x1b2  Code  Gb  stm32f4xx_hal_rcc.o [1]
HAL_RCC_EnableCSS       0x08003c9f     0x8  Code  Gb  stm32f4xx_hal_rcc.o [1]
HAL_RCC_GetClockConfig  0x08003d79    0x3a  Code  Gb  stm32f4xx_hal_rcc.o [1]
HAL_RCC_GetHCLKFreq     0x08003d33     0x6  Code  Gb  stm32f4xx_hal_rcc.o [1]
HAL_RCC_GetPCLK1Freq    0x08003d39    0x20  Code  Gb  stm32f4xx_hal_rcc.o [1]
HAL_RCC_GetPCLK2Freq    0x08003d59    0x20  Code  Gb  stm32f4xx_hal_rcc.o [1]
HAL_RCC_GetSysClockFreq
                        0x08003ca7    0x8c  Code  Wk  stm32f4xx_hal_rcc.o [1]
HAL_RCC_NMI_IRQHandler  0x08003db3    0x16  Code  Gb  stm32f4xx_hal_rcc.o [1]
HAL_RCC_OscConfig       0x08003705   0x3e8  Code  Wk  stm32f4xx_hal_rcc.o [1]
HAL_SYSTICK_CLKSourceConfig
                        0x0800369d    0x20  Code  Gb  stm32f4xx_hal_cortex.o [1]
HAL_SYSTICK_Config      0x08003695     0x8  Code  Gb  stm32f4xx_hal_cortex.o [1]
HAL_TIMEx_BreakCallback
                        0x08003043    0x14  Code  Gb  stm32f4xx_it.o [1]
HAL_TIMEx_CommutationCallback
                        0x0800339f     0x2  Code  Wk  stm32f4xx_hal_tim_ex.o [1]
HAL_TIMEx_ConfigBreakDeadTime
                        0x0800333d    0x62  Code  Gb  stm32f4xx_hal_tim_ex.o [1]
HAL_TIMEx_ConfigCommutationEvent
                        0x0800327d    0x68  Code  Gb  stm32f4xx_hal_tim_ex.o [1]
HAL_TIMEx_HallSensor_Init
                        0x080031b1    0xcc  Code  Gb  stm32f4xx_hal_tim_ex.o [1]
HAL_TIMEx_HallSensor_MspInit
                        0x08002ce3    0x64  Code  Gb  tim.o [1]
HAL_TIMEx_MasterConfigSynchronization
                        0x080032e5    0x58  Code  Gb  stm32f4xx_hal_tim_ex.o [1]
HAL_TIM_Base_Init       0x08002035    0x38  Code  Gb  stm32f4xx_hal_tim.o [1]
HAL_TIM_Base_MspInit    0x08002be3    0xb0  Code  Gb  tim.o [1]
HAL_TIM_Base_Start_IT   0x0800206d    0x1c  Code  Gb  stm32f4xx_hal_tim.o [1]
HAL_TIM_Encoder_Init    0x08002145    0xac  Code  Gb  stm32f4xx_hal_tim.o [1]
HAL_TIM_Encoder_MspInit
                        0x08002c93    0x50  Code  Gb  tim.o [1]
HAL_TIM_IC_CaptureCallback
                        0x08003029     0x2  Code  Gb  stm32f4xx_it.o [1]
HAL_TIM_IRQHandler      0x080021f1   0x176  Code  Gb  stm32f4xx_hal_tim.o [1]
HAL_TIM_MspPostInit     0x08002d47    0x4a  Code  Gb  tim.o [1]
HAL_TIM_OC_DelayElapsedCallback
                        0x0800302b    0x18  Code  Gb  stm32f4xx_it.o [1]
HAL_TIM_OC_Start_IT     0x08002089    0x7e  Code  Gb  stm32f4xx_hal_tim.o [1]
HAL_TIM_PWM_ConfigChannel
                        0x08002367    0xfc  Code  Gb  stm32f4xx_hal_tim.o [1]
HAL_TIM_PWM_Init        0x08002107    0x38  Code  Gb  stm32f4xx_hal_tim.o [1]
HAL_TIM_PWM_MspInit     0x0800213f     0x2  Code  Wk  stm32f4xx_hal_tim.o [1]
HAL_TIM_PWM_PulseFinishedCallback
                        0x080024bb     0x2  Code  Wk  stm32f4xx_hal_tim.o [1]
HAL_TIM_PeriodElapsedCallback
                        0x08003181    0x10  Code  Gb  main.o [1]
HAL_TIM_SlaveConfigSynchronization
                        0x08002471    0x4a  Code  Gb  stm32f4xx_hal_tim.o [1]
HAL_TIM_TriggerCallback
                        0x080024bd     0x2  Code  Wk  stm32f4xx_hal_tim.o [1]
HAL_UART_Init           0x08004ad1    0x76  Code  Gb  stm32f4xx_hal_uart.o [1]
HAL_UART_MspInit        0x08003fed    0x48  Code  Gb  usart.o [1]
HAL_UART_Transmit       0x08004b47    0xdc  Code  Gb  stm32f4xx_hal_uart.o [1]
HEAP$$Base              0x20000548           --   Gb  - Linker created -
HEAP$$Limit             0x20000748           --   Gb  - Linker created -
HardFault_Handler       0x08002ff9     0x2  Code  Gb  stm32f4xx_it.o [1]
LL_TIM_CC_DisableChannel
                        0x08002879     0xa  Code  Lc  tim.o [1]
LL_TIM_CC_EnableChannel
                        0x08002871     0x8  Code  Lc  tim.o [1]
LL_TIM_OC_SetMode       0x08002883    0x68  Code  Lc  tim.o [1]
LoadInt                 0x080007e3    0x6e  Code  Lc  xprintffull.o [3]
MX_FREERTOS_Init        0x0800405d    0x1e  Code  Gb  freertos.o [1]
MX_GPIO_Init            0x08003ee5    0xc0  Code  Gb  gpio.o [1]
MX_TIM1_Init            0x080028eb   0x158  Code  Gb  tim.o [1]
MX_TIM2_Init            0x08002a43    0x90  Code  Gb  tim.o [1]
MX_TIM3_Init            0x08002ad3    0x92  Code  Gb  tim.o [1]
MX_TIM4_Init            0x08002b65    0x7e  Code  Gb  tim.o [1]
MX_USART2_UART_Init     0x08003fa5    0x48  Code  Gb  usart.o [1]
MemManage_Handler       0x08002ffb     0x2  Code  Gb  stm32f4xx_it.o [1]
MotorCommutation        0x08002d91   0x214  Code  Gb  tim.o [1]
NMI_Handler             0x08002ff1     0x8  Code  Gb  stm32f4xx_it.o [1]
NVIC_EnableIRQ          0x080035bf    0x14  Code  Lc  stm32f4xx_hal_cortex.o [1]
NVIC_EncodePriority     0x080035f5    0x3e  Code  Lc  stm32f4xx_hal_cortex.o [1]
NVIC_GetPriorityGrouping
                        0x080035b5     0xa  Code  Lc  stm32f4xx_hal_cortex.o [1]
NVIC_SetPriority        0x080035d3    0x22  Code  Lc  stm32f4xx_hal_cortex.o [1]
NVIC_SetPriorityGrouping
                        0x08003599    0x1c  Code  Lc  stm32f4xx_hal_cortex.o [1]
OFFSET_TAB_CCMRx        0x08005690     0x8  Data  Lc  tim.o [1]
PendSV_Handler          0x080052a1          Code  Gb  portasm.o [1]
Region$$Table$$Base     0x08005598           --   Gb  - Linker created -
Region$$Table$$Limit    0x080055b8           --   Gb  - Linker created -
SHIFT_TAB_OCxx          0x08005698     0x8  Data  Lc  tim.o [1]
SVC_Handler             0x080052f9          Code  Gb  portasm.o [1]
StartDefaultTask        0x08004085     0xa  Code  Gb  freertos.o [1]
SysTick_Config          0x08003633    0x2e  Code  Lc  stm32f4xx_hal_cortex.o [1]
SysTick_Handler         0x08003003     0x8  Code  Gb  stm32f4xx_it.o [1]
SystemClock_Config      0x080030b5    0xcc  Code  Gb  main.o [1]
SystemCoreClock         0x20000004     0x4  Data  Gb  system_stm32f4xx.o [1]
SystemInit              0x08005349    0x4c  Code  Gb  system_stm32f4xx.o [1]
TIM1_TRG_COM_TIM11_IRQHandler
                        0x0800300b     0xa  Code  Gb  stm32f4xx_it.o [1]
TIM4_IRQHandler         0x08003015     0xa  Code  Gb  stm32f4xx_it.o [1]
TIM5_IRQHandler         0x0800301f     0xa  Code  Gb  stm32f4xx_it.o [1]
TIM_Base_SetConfig      0x080024bf    0x94  Code  Gb  stm32f4xx_hal_tim.o [1]
TIM_CCxChannelCmd       0x08002629    0x1e  Code  Gb  stm32f4xx_hal_tim.o [1]
TIM_ETR_SetConfig       0x08002859    0x18  Code  Lc  stm32f4xx_hal_tim.o [1]
TIM_OC1_SetConfig       0x08002649    0x5a  Code  Lc  stm32f4xx_hal_tim.o [1]
TIM_OC2_SetConfig       0x080025c3    0x64  Code  Gb  stm32f4xx_hal_tim.o [1]
TIM_OC3_SetConfig       0x080026a3    0x62  Code  Lc  stm32f4xx_hal_tim.o [1]
TIM_OC4_SetConfig       0x08002705    0x4c  Code  Lc  stm32f4xx_hal_tim.o [1]
TIM_SlaveTimer_SetConfig
                        0x0800276d    0x9a  Code  Lc  stm32f4xx_hal_tim.o [1]
TIM_TI1_ConfigInputStage
                        0x08002807    0x28  Code  Lc  stm32f4xx_hal_tim.o [1]
TIM_TI1_SetConfig       0x08002553    0x70  Code  Gb  stm32f4xx_hal_tim.o [1]
TIM_TI2_ConfigInputStage
                        0x0800282f    0x2a  Code  Lc  stm32f4xx_hal_tim.o [1]
UART_SetConfig          0x08004c93   0x30c  Code  Lc  stm32f4xx_hal_uart.o [1]
UART_WaitOnFlagUntilTimeout
                        0x08004c23    0x70  Code  Lc  stm32f4xx_hal_uart.o [1]
UsageFault_Handler      0x08002fff     0x2  Code  Gb  stm32f4xx_it.o [1]
_EncodingSb_Mbtowc      0x08001ee7    0x30  Code  Gb  xencoding_sb.o [3]
_EncodingSb_Wctomb      0x08001ecd    0x1a  Code  Gb  xencoding_sb.o [3]
_Error_Handler          0x080031ad     0x2  Code  Gb  main.o [1]
_GenldFull              0x08001067   0x24c  Code  Lc  xprintffull.o [3]
_IsdstStr               0x200000d4     0x4  Data  Gb  setlocale.o [3]
_LdtobFull              0x08000c65   0x3fc  Code  Lc  xprintffull.o [3]
_LitobFull              0x08000b5d   0x106  Code  Lc  xprintffull.o [3]
_LocaleEncoding         0x08001eb9     0xe  Code  Gb  setlocale.o [3]
_LocaleReturnString     0x200000f4    0x50  Data  Lc  setlocale.o [3]
_Locale_Profile         0x200000d8    0x1c  Data  Gb  setlocale.o [3]
_Locale_aeabi_lconv     0x20000098    0x38  Data  Gb  localeconv.o [3]
_Locale_lconv           0x20000048    0x50  Data  Gb  localeconv.o [3]
_Mbtowc                 0x080012fb    0x20  Code  Gb  xmbtowc.o [3]
_PrintfFull             0x08000195   0x638  Code  Gb  xprintffull.o [3]
_Prout                  0x080055fd    0x16  Code  Gb  xprout.o [3]
_PutcharsFull           0x080012b3    0x2e  Code  Lc  xprintffull.o [3]
_PutstrFull             0x08000851   0x306  Code  Lc  xprintffull.o [3]
_TzoneStr               0x200000d0     0x4  Data  Gb  setlocale.o [3]
_Wctomb                 0x08001481    0x1a  Code  Gb  xwctomb.o [3]
__aeabi_cdcmple         0x080016c5          Code  Gb  DblCmpLe.o [4]
__aeabi_cdrcmple        0x080016f5          Code  Gb  DblCmpGe.o [4]
__aeabi_d2iz            0x08001839          Code  Gb  DblToI32.o [4]
__aeabi_d2uiz           0x08001865          Code  Gb  DblToI32.o [4]
__aeabi_ddiv            0x08001be5          Code  Gb  DblDiv.o [4]
__aeabi_dmul            0x08001a41          Code  Gb  DblMul.o [4]
__aeabi_dsub            0x080018c1          Code  Gb  DblSub.o [4]
__aeabi_i2d             0x08001891          Code  Gb  I32ToDbl.o [4]
__aeabi_ldiv0           0x08001f59          Code  Gb  I64DivZer.o [5]
__aeabi_ui2d            0x080018a5          Code  Gb  I32ToDbl.o [4]
__aeabi_uldivmod        0x08001595          Code  Gb  I64DivMod.o [5]
__cmain                 0x080055b9          Code  Gb  cmain.o [5]
__data_Aldata           0x200045fc     0x8  Data  Gb  xxmemxmalloc.o [3]
__data_GetMemChunk      0x08001f2d    0x2c  Code  Gb  xgetmemchunk.o [3]
__exit                  0x080055e9    0x14  Code  Gb  exit.o [6]
__iar_Dnorm             0x08001683    0x42  Code  Gb  xdnorm.o [4]
__iar_Dscale            0x08001725   0x114  Code  Gb  xdscale.o [4]
__iar_Locale_lconv_init
                        0x08001e3d    0x3a  Code  Gb  localeconv.o [3]
__iar_Mbcurmax          0x080013c5     0xa  Code  Gb  xmbcurmax.o [3]
__iar_Memchr            0x0800136d          Code  Gb  memchr.o [5]
__iar_Stdout            0x20000008    0x40  Data  Gb  xfiles.o [3]
__iar_Strchr            0x0800131d          Code  Gb  strchr.o [5]
__iar_d2uiz             0x08001871          Code  Gb  DblToI32.o [4]
__iar_dadd              0x08001f5d          Code  Gb  DblAdd.o [4]
__iar_data_init3        0x0800554d    0x28  Code  Gb  data_init.o [5]
__iar_dlib_perthread_access
                        0x08002031     0x2  Code  Gb  xtls.o [3]
__iar_dsub              0x080018d5          Code  Gb  DblSub.o [4]
__iar_dsubStart         0x080018e7          Code  Gb  DblSub.o [4]
__iar_init_vfp          0x08005575          Code  Gb  fpinit_M.o [4]
__iar_packbits_init_single3
                        0x080054e5    0x38  Code  Gb  packbits_init_single.o [5]
__iar_program_start     0x08005675          Code  Gb  cstartup_M.o [5]
__iar_ui2d              0x080018a9          Code  Gb  I32ToDbl.o [4]
__iar_unaligned___aeabi_memcpy
                        0x0800149d          Code  Gb  ABImemcpy_unaligned.o [5]
__iar_unaligned___aeabi_memcpy4
                        0x080014bd          Code  Gb  ABImemcpy_unaligned.o [5]
__iar_unaligned___aeabi_memcpy8
                        0x080014bd          Code  Gb  ABImemcpy_unaligned.o [5]
__iar_zero_init3        0x080054a5    0x40  Code  Gb  zero_init3.o [5]
__low_level_init        0x080055d3     0x4  Code  Gb  low_level_init.o [3]
__vector_table          0x08000000          Data  Gb  startup_stm32f401xc.o [1]
_call_main              0x080055c5          Code  Gb  cmain.o [5]
_exit                   0x080055dd          Code  Gb  cexit.o [5]
_main                   0x080055cf          Code  Gb  cmain.o [5]
defaultTaskHandle       0x20004604     0x4  Data  Gb  freertos.o [1]
div                     0x08001ea9     0xe  Code  Gb  div.o [3]
exit                    0x080055d7     0x4  Code  Gb  exit.o [3]
fputc                   0x08004035    0x14  Code  Gb  usart.o [1]
free                    0x08001515    0x7a  Code  Gb  xxmemxfree.o [3]
htim1                   0x200044a0    0x3c  Data  Gb  tim.o [1]
htim2                   0x200044dc    0x3c  Data  Gb  tim.o [1]
htim3                   0x20004518    0x3c  Data  Gb  tim.o [1]
htim4                   0x20004554    0x3c  Data  Gb  tim.o [1]
htim5                   0x20004464    0x3c  Data  Gb  stm32f4xx_hal_timebase_TIM.o [1]
huart2                  0x20004424    0x40  Data  Gb  usart.o [1]
lastHallPos             0x20004661     0x1  Data  Lc  tim.o [1]
localeconv              0x08001e77    0x16  Code  Gb  localeconv.o [3]
main                    0x08003071    0x44  Code  Gb  main.o [1]
makeFreeRtosPriority    0x08003e21    0x12  Code  Lc  cmsis_os.o [1]
malloc                  0x080013d1    0xac  Code  Gb  xxmemxmalloc.o [3]
memchr                  0x0800136d          Code  Gb  memchr.o [5]
obuf                    0x200043d4    0x50  Data  Lc  xfiles.o [3]
osDelay                 0x08003e6b    0x16  Code  Gb  cmsis_os.o [1]
osKernelStart           0x08003e33     0xa  Code  Gb  cmsis_os.o [1]
osSystickHandler        0x08003e81    0x10  Code  Gb  cmsis_os.o [1]
osThreadCreate          0x08003e3d    0x2e  Code  Gb  cmsis_os.o [1]
printf                  0x080036e1    0x24  Code  Gb  printf.o [3]
prvAddCurrentTaskToDelayedList
                        0x080047b9    0x80  Code  Lc  tasks.o [1]
prvAddNewTaskToReadyList
                        0x08004237    0xb8  Code  Lc  tasks.o [1]
prvCheckTasksWaitingTermination
                        0x080046c5    0x5a  Code  Lc  tasks.o [1]
prvDeleteTCB            0x08004725    0x12  Code  Lc  tasks.o [1]
prvHeapInit             0x08005129    0x64  Code  Lc  heap_4.o [1]
prvIdleTask             0x08004639    0x22  Code  Lc  tasks.o [1]
prvInitialiseNewTask    0x08004197    0xa0  Code  Lc  tasks.o [1]
prvInitialiseTaskLists  0x08004669    0x52  Code  Lc  tasks.o [1]
prvInsertBlockIntoFreeList
                        0x0800518d    0x5c  Code  Lc  heap_4.o [1]
prvResetNextTaskUnblockTime
                        0x08004737    0x2c  Code  Lc  tasks.o [1]
prvTaskExitError        0x08004899    0x2a  Code  Lc  port.o [1]
putchar                 0x08005615     0xc  Code  Gb  putchar.o [3]
pvPortMalloc            0x08004fad   0x108  Code  Gb  heap_4.o [1]
pxCurrentTCB            0x20004620     0x4  Data  Gb  tasks.o [1]
pxDelayedTaskList       0x20004624     0x4  Data  Lc  tasks.o [1]
pxEnd                   0x20004608     0x4  Data  Lc  heap_4.o [1]
pxOverflowDelayedTaskList
                        0x20004628     0x4  Data  Lc  tasks.o [1]
pxPortInitialiseStack   0x08004871    0x28  Code  Gb  port.o [1]
pxReadyTasksLists       0x20004348    0x8c  Data  Lc  tasks.o [1]
strchr                  0x0800131d          Code  Gb  strchr.o [5]
strlen                  0x08001335          Code  Gb  strlen.o [5]
ucHeap                  0x20000748  0x3c00  Data  Lc  heap_4.o [1]
ucMaxSysCallPriority    0x20004660     0x1  Data  Lc  port.o [1]
ulMaxPRIGROUPValue      0x20004618     0x4  Data  Lc  port.o [1]
uwTick                  0x2000461c     0x4  Data  Gb  stm32f4xx_hal.o [1]
uxCriticalNesting       0x20000000     0x4  Data  Lc  port.o [1]
uxCurrentNumberOfTasks  0x20004630     0x4  Data  Lc  tasks.o [1]
uxDeletedTasksWaitingCleanUp
                        0x2000462c     0x4  Data  Lc  tasks.o [1]
uxListRemove            0x0800527b    0x26  Code  Gb  list.o [1]
uxPendedTicks           0x20004640     0x4  Data  Lc  tasks.o [1]
uxSchedulerSuspended    0x20004658     0x4  Data  Lc  tasks.o [1]
uxTaskNumber            0x2000464c     0x4  Data  Lc  tasks.o [1]
uxTopReadyPriority      0x20004638     0x4  Data  Lc  tasks.o [1]
vListInitialise         0x08005209    0x1e  Code  Gb  list.o [1]
vListInitialiseItem     0x08005227     0x6  Code  Gb  list.o [1]
vListInsert             0x08005245    0x36  Code  Gb  list.o [1]
vListInsertEnd          0x0800522d    0x18  Code  Gb  list.o [1]
vPortEnableVFP          0x0800532d          Code  Gb  portasm.o [1]
vPortEnterCritical      0x0800498f    0x3a  Code  Gb  port.o [1]
vPortExitCritical       0x080049c9    0x32  Code  Gb  port.o [1]
vPortFree               0x080050b5    0x74  Code  Gb  heap_4.o [1]
vPortSetupTimerInterrupt
                        0x08004a23    0x1a  Code  Wk  port.o [1]
vPortStartFirstTask     0x08005315          Code  Gb  portasm.o [1]
vTaskDelay              0x080042ef    0x4c  Code  Gb  tasks.o [1]
vTaskStartScheduler     0x0800433b    0x66  Code  Gb  tasks.o [1]
vTaskSuspendAll         0x080043a1    0x10  Code  Gb  tasks.o [1]
vTaskSwitchContext      0x080045cb    0x6e  Code  Gb  tasks.o [1]
xBlockAllocatedBit      0x20004614     0x4  Data  Lc  heap_4.o [1]
xDelayedTaskList1       0x20004590    0x14  Data  Lc  tasks.o [1]
xDelayedTaskList2       0x200045a4    0x14  Data  Lc  tasks.o [1]
xFreeBytesRemaining     0x2000460c     0x4  Data  Lc  heap_4.o [1]
xHeapStructSize         0x080056a0     0x4  Data  Lc  heap_4.o [1]
xIdleTaskHandle         0x20004654     0x4  Data  Lc  tasks.o [1]
xMinimumEverFreeBytesRemaining
                        0x20004610     0x4  Data  Lc  heap_4.o [1]
xNextTaskUnblockTime    0x20004650     0x4  Data  Lc  tasks.o [1]
xNumOfOverflows         0x20004648     0x4  Data  Lc  tasks.o [1]
xPendingReadyList       0x200045b8    0x14  Data  Lc  tasks.o [1]
xPortStartScheduler     0x080048c3    0xcc  Code  Gb  port.o [1]
xPortSysTickHandler     0x080049fb    0x28  Code  Gb  port.o [1]
xSchedulerRunning       0x2000463c     0x4  Data  Lc  tasks.o [1]
xStart                  0x200045f4     0x8  Data  Lc  heap_4.o [1]
xSuspendedTaskList      0x200045e0    0x14  Data  Lc  tasks.o [1]
xTaskCreate             0x08004121    0x76  Code  Gb  tasks.o [1]
xTaskGetSchedulerState  0x08004763    0x20  Code  Gb  tasks.o [1]
xTaskIncrementTick      0x080044ab   0x120  Code  Gb  tasks.o [1]
xTaskResumeAll          0x080043b1    0xfa  Code  Gb  tasks.o [1]
xTasksWaitingTermination
                        0x200045cc    0x14  Data  Lc  tasks.o [1]
xTickCount              0x20004634     0x4  Data  Lc  tasks.o [1]
xYieldPending           0x20004644     0x4  Data  Lc  tasks.o [1]


[1] = E:\02-Smart\00-System\99-EngineeringTest\MotorControl\MotorControl\EWARM\MotorControl\Obj
[2] = command line
[3] = dl7M_tlf.a
[4] = m7M_tls.a
[5] = rt7M_tl.a
[6] = shb_l.a

  21 966 bytes of readonly  code memory
     477 bytes of readonly  data memory
  18 014 bytes of readwrite data memory

Errors: none
Warnings: none
