###############################################################################
#
# IAR ELF Linker V7.50.2.10312/W32 for ARM                10/Aug/2017  13:17:12
# Copyright 2007-2015 IAR Systems AB.
#
#    Output file  =  
#        E:\02-Smart\00-System\99-EngineeringTest\MotorControl\MotorControl\EWARM\MotorControl\Exe\MotorControl.out
#    Map file     =  
#        E:\02-Smart\00-System\99-EngineeringTest\MotorControl\MotorControl\EWARM\MotorControl\List\MotorControl.map
#    Command line =  
#        E:\02-Smart\00-System\99-EngineeringTest\MotorControl\MotorControl\EWARM\MotorControl\Obj\cmsis_os.o
#        E:\02-Smart\00-System\99-EngineeringTest\MotorControl\MotorControl\EWARM\MotorControl\Obj\croutine.o
#        E:\02-Smart\00-System\99-EngineeringTest\MotorControl\MotorControl\EWARM\MotorControl\Obj\event_groups.o
#        E:\02-Smart\00-System\99-EngineeringTest\MotorControl\MotorControl\EWARM\MotorControl\Obj\freertos.o
#        E:\02-Smart\00-System\99-EngineeringTest\MotorControl\MotorControl\EWARM\MotorControl\Obj\heap_4.o
#        E:\02-Smart\00-System\99-EngineeringTest\MotorControl\MotorControl\EWARM\MotorControl\Obj\list.o
#        E:\02-Smart\00-System\99-EngineeringTest\MotorControl\MotorControl\EWARM\MotorControl\Obj\main.o
#        E:\02-Smart\00-System\99-EngineeringTest\MotorControl\MotorControl\EWARM\MotorControl\Obj\port.o
#        E:\02-Smart\00-System\99-EngineeringTest\MotorControl\MotorControl\EWARM\MotorControl\Obj\portasm.o
#        E:\02-Smart\00-System\99-EngineeringTest\MotorControl\MotorControl\EWARM\MotorControl\Obj\queue.o
#        E:\02-Smart\00-System\99-EngineeringTest\MotorControl\MotorControl\EWARM\MotorControl\Obj\startup_stm32f401xc.o
#        E:\02-Smart\00-System\99-EngineeringTest\MotorControl\MotorControl\EWARM\MotorControl\Obj\stm32f4xx_hal.o
#        E:\02-Smart\00-System\99-EngineeringTest\MotorControl\MotorControl\EWARM\MotorControl\Obj\stm32f4xx_hal_cortex.o
#        E:\02-Smart\00-System\99-EngineeringTest\MotorControl\MotorControl\EWARM\MotorControl\Obj\stm32f4xx_hal_dma.o
#        E:\02-Smart\00-System\99-EngineeringTest\MotorControl\MotorControl\EWARM\MotorControl\Obj\stm32f4xx_hal_dma_ex.o
#        E:\02-Smart\00-System\99-EngineeringTest\MotorControl\MotorControl\EWARM\MotorControl\Obj\stm32f4xx_hal_flash.o
#        E:\02-Smart\00-System\99-EngineeringTest\MotorControl\MotorControl\EWARM\MotorControl\Obj\stm32f4xx_hal_flash_ex.o
#        E:\02-Smart\00-System\99-EngineeringTest\MotorControl\MotorControl\EWARM\MotorControl\Obj\stm32f4xx_hal_flash_ramfunc.o
#        E:\02-Smart\00-System\99-EngineeringTest\MotorControl\MotorControl\EWARM\MotorControl\Obj\stm32f4xx_hal_gpio.o
#        E:\02-Smart\00-System\99-EngineeringTest\MotorControl\MotorControl\EWARM\MotorControl\Obj\stm32f4xx_hal_msp.o
#        E:\02-Smart\00-System\99-EngineeringTest\MotorControl\MotorControl\EWARM\MotorControl\Obj\stm32f4xx_hal_pwr.o
#        E:\02-Smart\00-System\99-EngineeringTest\MotorControl\MotorControl\EWARM\MotorControl\Obj\stm32f4xx_hal_pwr_ex.o
#        E:\02-Smart\00-System\99-EngineeringTest\MotorControl\MotorControl\EWARM\MotorControl\Obj\stm32f4xx_hal_rcc.o
#        E:\02-Smart\00-System\99-EngineeringTest\MotorControl\MotorControl\EWARM\MotorControl\Obj\stm32f4xx_hal_rcc_ex.o
#        E:\02-Smart\00-System\99-EngineeringTest\MotorControl\MotorControl\EWARM\MotorControl\Obj\stm32f4xx_hal_tim.o
#        E:\02-Smart\00-System\99-EngineeringTest\MotorControl\MotorControl\EWARM\MotorControl\Obj\stm32f4xx_hal_tim_ex.o
#        E:\02-Smart\00-System\99-EngineeringTest\MotorControl\MotorControl\EWARM\MotorControl\Obj\stm32f4xx_hal_timebase_TIM.o
#        E:\02-Smart\00-System\99-EngineeringTest\MotorControl\MotorControl\EWARM\MotorControl\Obj\stm32f4xx_hal_uart.o
#        E:\02-Smart\00-System\99-EngineeringTest\MotorControl\MotorControl\EWARM\MotorControl\Obj\stm32f4xx_it.o
#        E:\02-Smart\00-System\99-EngineeringTest\MotorControl\MotorControl\EWARM\MotorControl\Obj\system_stm32f4xx.o
#        E:\02-Smart\00-System\99-EngineeringTest\MotorControl\MotorControl\EWARM\MotorControl\Obj\tasks.o
#        E:\02-Smart\00-System\99-EngineeringTest\MotorControl\MotorControl\EWARM\MotorControl\Obj\timers.o
#        --redirect _Printf=_PrintfFull --redirect _Scanf=_ScanfFull -o
#        E:\02-Smart\00-System\99-EngineeringTest\MotorControl\MotorControl\EWARM\MotorControl\Exe\MotorControl.out
#        --map
#        E:\02-Smart\00-System\99-EngineeringTest\MotorControl\MotorControl\EWARM\MotorControl\List\MotorControl.map
#        --config
#        E:\02-Smart\00-System\99-EngineeringTest\MotorControl\MotorControl\EWARM/stm32f401xc_flash.icf
#        --semihosting --entry __iar_program_start --vfe
#
###############################################################################

*******************************************************************************
*** RUNTIME MODEL ATTRIBUTES
***

CppFlavor                     = *
__Heap_Handler                = Basic
__SystemLibrary               = DLib
__dlib_dynamic_initialization = normal


*******************************************************************************
*** PLACEMENT SUMMARY
***

"A1":  place at 0x08000000 { ro section .intvec };
"P1":  place in [from 0x08000000 to 0x0803ffff] { ro };
"P2":  place in [from 0x20000000 to 0x2000ffff] { rw, block CSTACK, block HEAP };

  Section             Kind        Address    Size  Object
  -------             ----        -------    ----  ------
"A1":                                       0x194
  .intvec             ro code  0x08000000   0x194  startup_stm32f401xc.o [1]
                             - 0x08000194   0x194

"P1":                                      0x55ab
  .text               ro code  0x08000194  0x1166  xprintffull.o [3]
  .text               ro code  0x080012fa    0x20  xmbtowc.o [3]
  .text               ro code  0x0800131c    0x16  strchr.o [5]
  .text               ro code  0x08001334    0x36  strlen.o [5]
  .text               ro code  0x0800136c    0x58  memchr.o [5]
  .text               ro code  0x080013c4     0xa  xmbcurmax.o [3]
  .text               ro code  0x080013d0    0xb0  xxmemxmalloc.o [3]
  .text               ro code  0x08001480    0x1a  xwctomb.o [3]
  .text               ro code  0x0800149c    0x76  ABImemcpy_unaligned.o [5]
  .text               ro code  0x08001514    0x80  xxmemxfree.o [3]
  .text               ro code  0x08001594    0xee  I64DivMod.o [5]
  .text               ro code  0x08001682    0x42  xdnorm.o [4]
  .text               ro code  0x080016c4    0x2e  DblCmpLe.o [4]
  .text               ro code  0x080016f4    0x2e  DblCmpGe.o [4]
  .text               ro code  0x08001724   0x114  xdscale.o [4]
  .text               ro code  0x08001838    0x58  DblToI32.o [4]
  .text               ro code  0x08001890    0x30  I32ToDbl.o [4]
  .text               ro code  0x080018c0   0x180  DblSub.o [4]
  .text               ro code  0x08001a40   0x1a2  DblMul.o [4]
  .text               ro code  0x08001be4   0x256  DblDiv.o [4]
  .text               ro code  0x08001e3c    0x6c  localeconv.o [3]
  .text               ro code  0x08001ea8     0xe  div.o [3]
  .text               ro code  0x08001eb8    0x14  setlocale.o [3]
  .text               ro code  0x08001ecc    0x60  xencoding_sb.o [3]
  .text               ro code  0x08001f2c    0x2c  xgetmemchunk.o [3]
  .text               ro code  0x08001f58     0x2  I64DivZer.o [5]
  .text               ro code  0x08001f5c    0xd4  DblAdd.o [4]
  .text               ro code  0x08002030     0x2  xtls.o [3]
  .text               ro code  0x08002034   0x8c4  stm32f4xx_hal_tim.o [1]
  .text               ro code  0x080028f8   0x220  stm32f4xx_hal_msp.o [1]
  .text               ro code  0x08002b18   0x304  stm32f4xx_it.o [1]
  .text               ro code  0x08002e1c   0x5aa  main.o [1]
  .text               ro code  0x080033c8   0x1fe  stm32f4xx_hal_tim_ex.o [1]
  .text               ro code  0x080035c8   0x148  stm32f4xx_hal_cortex.o [1]
  .text               ro code  0x08003710   0x1f8  stm32f4xx_hal_gpio.o [1]
  .text               ro code  0x08003908   0x71a  stm32f4xx_hal_rcc.o [1]
  .text               ro code  0x08004024    0x70  cmsis_os.o [1]
  .text               ro code  0x08004094    0x24  printf.o [3]
  .text               ro code  0x080040b8    0x54  stm32f4xx_hal.o [1]
  .text               ro code  0x0800410c   0x4dc  stm32f4xx_hal_uart.o [1]
  .text               ro code  0x080045e8    0x90  stm32f4xx_hal_timebase_TIM.o [1]
  .text               ro code  0x08004678   0x750  tasks.o [1]
  .text               ro code  0x08004dc8   0x200  port.o [1]
  .text               ro code  0x08004fc8   0x25c  heap_4.o [1]
  .text               ro code  0x08005224    0x98  list.o [1]
  CODE                ro code  0x080052bc    0xa8  portasm.o [1]
  .text               ro code  0x08005364    0x6c  system_stm32f4xx.o [1]
  .rodata             const    0x080053d0    0x50  main.o [1]
  .text               ro code  0x08005420    0x40  zero_init3.o [5]
  .text               ro code  0x08005460    0x38  packbits_init_single.o [5]
  .rodata             const    0x08005498    0x30  main.o [1]
  .text               ro code  0x080054c8    0x28  data_init.o [5]
  .text               ro code  0x080054f0    0x22  fpinit_M.o [4]
  .iar.init_table     const    0x08005514    0x20  - Linker created -
  .text               ro code  0x08005534    0x1a  cmain.o [5]
  .text               ro code  0x0800554e     0x4  low_level_init.o [3]
  .text               ro code  0x08005552     0x4  exit.o [3]
  .text               ro code  0x08005558     0xa  cexit.o [5]
  .text               ro code  0x08005564    0x14  exit.o [6]
  .text               ro code  0x08005578    0x16  xprout.o [3]
  .text               ro code  0x08005590     0xc  putchar.o [3]
  .rodata             const    0x0800559c    0x14  main.o [1]
  .rodata             const    0x080055b0    0x14  stm32f4xx_it.o [1]
  .rodata             const    0x080055c4    0x14  stm32f4xx_it.o [1]
  .rodata             const    0x080055d8    0x10  system_stm32f4xx.o [1]
  .text               ro code  0x080055e8    0x10  startup_stm32f401xc.o [1]
  .rodata             const    0x080055f8     0xc  main.o [1]
  .text               ro code  0x08005604     0xc  cstartup_M.o [5]
  .rodata             const    0x08005610     0x8  stm32f4xx_it.o [1]
  .rodata             const    0x08005618     0x8  stm32f4xx_it.o [1]
  .rodata             const    0x08005620     0x8  system_stm32f4xx.o [1]
  .rodata             const    0x08005628     0x8  tasks.o [1]
  .rodata             const    0x08005630     0x4  heap_4.o [1]
  .text               ro code  0x08005634     0x4  startup_stm32f401xc.o [1]
  .text               ro code  0x08005638     0x4  startup_stm32f401xc.o [1]
  .text               ro code  0x0800563c     0x4  startup_stm32f401xc.o [1]
  .text               ro code  0x08005640     0x4  startup_stm32f401xc.o [1]
  .text               ro code  0x08005644     0x4  startup_stm32f401xc.o [1]
  .text               ro code  0x08005648     0x4  startup_stm32f401xc.o [1]
  .text               ro code  0x0800564c     0x4  startup_stm32f401xc.o [1]
  .text               ro code  0x08005650     0x4  startup_stm32f401xc.o [1]
  .text               ro code  0x08005654     0x4  startup_stm32f401xc.o [1]
  .text               ro code  0x08005658     0x4  startup_stm32f401xc.o [1]
  .text               ro code  0x0800565c     0x4  startup_stm32f401xc.o [1]
  .text               ro code  0x08005660     0x4  startup_stm32f401xc.o [1]
  .text               ro code  0x08005664     0x4  startup_stm32f401xc.o [1]
  .text               ro code  0x08005668     0x4  startup_stm32f401xc.o [1]
  .text               ro code  0x0800566c     0x4  startup_stm32f401xc.o [1]
  .text               ro code  0x08005670     0x4  startup_stm32f401xc.o [1]
  .text               ro code  0x08005674     0x4  startup_stm32f401xc.o [1]
  .text               ro code  0x08005678     0x4  startup_stm32f401xc.o [1]
  .text               ro code  0x0800567c     0x4  startup_stm32f401xc.o [1]
  .text               ro code  0x08005680     0x4  startup_stm32f401xc.o [1]
  .text               ro code  0x08005684     0x4  startup_stm32f401xc.o [1]
  .text               ro code  0x08005688     0x4  startup_stm32f401xc.o [1]
  .text               ro code  0x0800568c     0x4  startup_stm32f401xc.o [1]
  .text               ro code  0x08005690     0x4  startup_stm32f401xc.o [1]
  .text               ro code  0x08005694     0x4  startup_stm32f401xc.o [1]
  .text               ro code  0x08005698     0x4  startup_stm32f401xc.o [1]
  .text               ro code  0x0800569c     0x4  startup_stm32f401xc.o [1]
  .text               ro code  0x080056a0     0x4  startup_stm32f401xc.o [1]
  .text               ro code  0x080056a4     0x4  startup_stm32f401xc.o [1]
  .text               ro code  0x080056a8     0x4  startup_stm32f401xc.o [1]
  .text               ro code  0x080056ac     0x4  startup_stm32f401xc.o [1]
  .text               ro code  0x080056b0     0x4  startup_stm32f401xc.o [1]
  .text               ro code  0x080056b4     0x4  startup_stm32f401xc.o [1]
  .text               ro code  0x080056b8     0x4  startup_stm32f401xc.o [1]
  .text               ro code  0x080056bc     0x4  startup_stm32f401xc.o [1]
  .text               ro code  0x080056c0     0x4  startup_stm32f401xc.o [1]
  .text               ro code  0x080056c4     0x4  startup_stm32f401xc.o [1]
  .text               ro code  0x080056c8     0x4  startup_stm32f401xc.o [1]
  .text               ro code  0x080056cc     0x4  startup_stm32f401xc.o [1]
  .text               ro code  0x080056d0     0x4  startup_stm32f401xc.o [1]
  .text               ro code  0x080056d4     0x4  startup_stm32f401xc.o [1]
  .text               ro code  0x080056d8     0x4  startup_stm32f401xc.o [1]
  .text               ro code  0x080056dc     0x4  startup_stm32f401xc.o [1]
  .text               ro code  0x080056e0     0x4  startup_stm32f401xc.o [1]
  .text               ro code  0x080056e4     0x4  startup_stm32f401xc.o [1]
  .text               ro code  0x080056e8     0x4  startup_stm32f401xc.o [1]
  .text               ro code  0x080056ec     0x4  startup_stm32f401xc.o [1]
  .text               ro code  0x080056f0     0x4  startup_stm32f401xc.o [1]
  .text               ro code  0x080056f4     0x4  startup_stm32f401xc.o [1]
  .text               ro code  0x080056f8     0x4  startup_stm32f401xc.o [1]
  .text               ro code  0x080056fc     0x4  startup_stm32f401xc.o [1]
  .text               ro code  0x08005700     0x4  startup_stm32f401xc.o [1]
  .text               ro code  0x08005704     0x4  startup_stm32f401xc.o [1]
  .text               ro code  0x08005708     0x4  startup_stm32f401xc.o [1]
  .rodata             const    0x0800570c     0x0  zero_init3.o [5]
  .rodata             const    0x0800570c     0x0  packbits_init_single.o [5]
  Initializer bytes   const    0x0800570c    0x33  <for P2-1>
                             - 0x0800573f  0x55ab

"P2", part 1 of 3:                          0x144
  P2-1                         0x20000000   0x144  <Init block>
    .data             inited   0x20000000     0x4  port.o [1]
    .data             inited   0x20000004     0x4  system_stm32f4xx.o [1]
    .data             inited   0x20000008    0x40  xfiles.o [3]
    __DLIB_PERTHREAD  inited   0x20000048    0x88  localeconv.o [3]
    __DLIB_PERTHREAD  inited   0x200000d0    0x74  setlocale.o [3]
                             - 0x20000144   0x144

"P2", part 2 of 3:                          0x600
  CSTACK                       0x20000148   0x400  <Block>
    CSTACK            uninit   0x20000148   0x400  <Block tail>
  HEAP                         0x20000548   0x200  <Block>
    HEAP              uninit   0x20000548   0x200  <Block tail>
                             - 0x20000748   0x600

"P2", part 3 of 3:                         0x3f1c
  .bss                zero     0x20000748  0x3c00  heap_4.o [1]
  .bss                zero     0x20004348    0x8c  tasks.o [1]
  .bss                zero     0x200043d4    0x50  xfiles.o [3]
  .bss                zero     0x20004424    0x40  main.o [1]
  .bss                zero     0x20004464    0x3c  main.o [1]
  .bss                zero     0x200044a0    0x3c  main.o [1]
  .bss                zero     0x200044dc    0x3c  main.o [1]
  .bss                zero     0x20004518    0x3c  main.o [1]
  .bss                zero     0x20004554    0x3c  stm32f4xx_hal_timebase_TIM.o [1]
  .bss                zero     0x20004590    0x14  tasks.o [1]
  .bss                zero     0x200045a4    0x14  tasks.o [1]
  .bss                zero     0x200045b8    0x14  tasks.o [1]
  .bss                zero     0x200045cc    0x14  tasks.o [1]
  .bss                zero     0x200045e0    0x14  tasks.o [1]
  .bss                zero     0x200045f4     0x8  heap_4.o [1]
  .bss                zero     0x200045fc     0x8  xxmemxmalloc.o [3]
  .bss                zero     0x20004604     0x4  heap_4.o [1]
  .bss                zero     0x20004608     0x4  heap_4.o [1]
  .bss                zero     0x2000460c     0x4  heap_4.o [1]
  .bss                zero     0x20004610     0x4  heap_4.o [1]
  .bss                zero     0x20004614     0x4  main.o [1]
  .bss                zero     0x20004618     0x4  port.o [1]
  .bss                zero     0x2000461c     0x4  stm32f4xx_hal.o [1]
  .bss                zero     0x20004620     0x4  tasks.o [1]
  .bss                zero     0x20004624     0x4  tasks.o [1]
  .bss                zero     0x20004628     0x4  tasks.o [1]
  .bss                zero     0x2000462c     0x4  tasks.o [1]
  .bss                zero     0x20004630     0x4  tasks.o [1]
  .bss                zero     0x20004634     0x4  tasks.o [1]
  .bss                zero     0x20004638     0x4  tasks.o [1]
  .bss                zero     0x2000463c     0x4  tasks.o [1]
  .bss                zero     0x20004640     0x4  tasks.o [1]
  .bss                zero     0x20004644     0x4  tasks.o [1]
  .bss                zero     0x20004648     0x4  tasks.o [1]
  .bss                zero     0x2000464c     0x4  tasks.o [1]
  .bss                zero     0x20004650     0x4  tasks.o [1]
  .bss                zero     0x20004654     0x4  tasks.o [1]
  .bss                zero     0x20004658     0x4  tasks.o [1]
  .bss                zero     0x2000465c     0x4  xgetmemchunk.o [3]
  .bss                zero     0x20004660     0x1  port.o [1]
  .bss                zero     0x20004661     0x1  stm32f4xx_it.o [1]
                             - 0x20004662  0x3f1a


*******************************************************************************
*** INIT TABLE
***

          Address     Size
          -------     ----
Zero (__iar_zero_init3)
    1 destination range, total size 0x3f1a:
          0x20000748  0x3f1a

Copy/packbits (__iar_packbits_init_single3)
    1 source range, total size 0x33 (15% of destination):
          0x0800570c    0x33
    1 destination range, total size 0x144:
          0x20000000   0x144



*******************************************************************************
*** MODULE SUMMARY
***

    Module                        ro code  ro data  rw data
    ------                        -------  -------  -------
E:\02-Smart\00-System\99-EngineeringTest\MotorControl\MotorControl\EWARM\MotorControl\Obj: [1]
    cmsis_os.o                        112
    heap_4.o                          604        4   15 384
    list.o                            152
    main.o                          1 450      160      308
    port.o                            512                 9
    portasm.o                         168
    startup_stm32f401xc.o             636
    stm32f4xx_hal.o                    84                 4
    stm32f4xx_hal_cortex.o            328
    stm32f4xx_hal_gpio.o              504
    stm32f4xx_hal_msp.o               544
    stm32f4xx_hal_rcc.o             1 818
    stm32f4xx_hal_tim.o             2 244
    stm32f4xx_hal_tim_ex.o            510
    stm32f4xx_hal_timebase_TIM.o      144                60
    stm32f4xx_hal_uart.o            1 244
    stm32f4xx_it.o                    772       56        1
    system_stm32f4xx.o                108       25        4
    tasks.o                         1 872        8      300
    -------------------------------------------------------
    Total:                         13 806      253   16 070

command line: [2]
    -------------------------------------------------------
    Total:

dl7M_tlf.a: [3]
    div.o                              14
    exit.o                              4
    localeconv.o                      108       21      136
    low_level_init.o                    4
    printf.o                           36
    putchar.o                          12
    setlocale.o                        20       19      116
    xencoding_sb.o                     96
    xfiles.o                                    10      144
    xgetmemchunk.o                     44                 4
    xmbcurmax.o                        10
    xmbtowc.o                          32
    xprintffull.o                   4 454
    xprout.o                           22
    xtls.o                              2
    xwctomb.o                          26
    xxmemxfree.o                      128
    xxmemxmalloc.o                    176                 8
    -------------------------------------------------------
    Total:                          5 188       50      408

m7M_tls.a: [4]
    DblAdd.o                          212
    DblCmpGe.o                         46
    DblCmpLe.o                         46
    DblDiv.o                          598
    DblMul.o                          418
    DblSub.o                          384
    DblToI32.o                         88
    I32ToDbl.o                         48
    fpinit_M.o                         34
    xdnorm.o                           66
    xdscale.o                         276
    -------------------------------------------------------
    Total:                          2 216

rt7M_tl.a: [5]
    ABImemcpy_unaligned.o             118
    I64DivMod.o                       238
    I64DivZer.o                         2
    cexit.o                            10
    cmain.o                            26
    cstartup_M.o                       12
    data_init.o                        40
    memchr.o                           88
    packbits_init_single.o             56
    strchr.o                           22
    strlen.o                           54
    zero_init3.o                       64
    -------------------------------------------------------
    Total:                            730

shb_l.a: [6]
    exit.o                             20
    -------------------------------------------------------
    Total:                             20

    Gaps                               38        2
    Linker created                              32    1 536
-----------------------------------------------------------
    Grand Total:                   21 998      337   18 014


*******************************************************************************
*** ENTRY LIST
***

Entry                      Address    Size  Type      Object
-----                      -------    ----  ----      ------
.iar.init_table$$Base   0x08005514           --   Gb  - Linker created -
.iar.init_table$$Limit  0x08005534           --   Gb  - Linker created -
?main                   0x08005535          Code  Gb  cmain.o [5]
AHBPrescTable           0x080055d8    0x10  Data  Gb  system_stm32f4xx.o [1]
APBPrescTable           0x08005620     0x8  Data  Gb  system_stm32f4xx.o [1]
BusFault_Handler        0x08002b99     0x2  Code  Gb  stm32f4xx_it.o [1]
CSTACK$$Base            0x20000148           --   Gb  - Linker created -
CSTACK$$Limit           0x20000548           --   Gb  - Linker created -
DebugMon_Handler        0x08002b9d     0x2  Code  Gb  stm32f4xx_it.o [1]
HAL_GPIO_Init           0x08003711   0x1ae  Code  Gb  stm32f4xx_hal_gpio.o [1]
HAL_GPIO_TogglePin      0x080038d3     0xa  Code  Gb  stm32f4xx_hal_gpio.o [1]
HAL_GPIO_WritePin       0x080038bf    0x14  Code  Gb  stm32f4xx_hal_gpio.o [1]
HAL_GetTick             0x080040ff     0x6  Code  Wk  stm32f4xx_hal.o [1]
HAL_IncTick             0x080040f3     0xc  Code  Wk  stm32f4xx_hal.o [1]
HAL_Init                0x080040b9    0x3a  Code  Gb  stm32f4xx_hal.o [1]
HAL_InitTick            0x080045e9    0x80  Code  Gb  stm32f4xx_hal_timebase_TIM.o [1]
HAL_MspInit             0x080028f9    0x5e  Code  Gb  stm32f4xx_hal_msp.o [1]
HAL_NVIC_EnableIRQ      0x080036bb     0xa  Code  Gb  stm32f4xx_hal_cortex.o [1]
HAL_NVIC_SetPriority    0x08003699    0x22  Code  Gb  stm32f4xx_hal_cortex.o [1]
HAL_NVIC_SetPriorityGrouping
                        0x08003691     0x8  Code  Gb  stm32f4xx_hal_cortex.o [1]
HAL_RCC_CSSCallback     0x08004021     0x2  Code  Wk  stm32f4xx_hal_rcc.o [1]
HAL_RCC_ClockConfig     0x08003cf1   0x1b2  Code  Gb  stm32f4xx_hal_rcc.o [1]
HAL_RCC_EnableCSS       0x08003ea3     0x8  Code  Gb  stm32f4xx_hal_rcc.o [1]
HAL_RCC_GetClockConfig  0x08003f7d    0x3a  Code  Gb  stm32f4xx_hal_rcc.o [1]
HAL_RCC_GetHCLKFreq     0x08003f37     0x6  Code  Gb  stm32f4xx_hal_rcc.o [1]
HAL_RCC_GetPCLK1Freq    0x08003f3d    0x20  Code  Gb  stm32f4xx_hal_rcc.o [1]
HAL_RCC_GetPCLK2Freq    0x08003f5d    0x20  Code  Gb  stm32f4xx_hal_rcc.o [1]
HAL_RCC_GetSysClockFreq
                        0x08003eab    0x8c  Code  Wk  stm32f4xx_hal_rcc.o [1]
HAL_RCC_NMI_IRQHandler  0x08003fb7    0x16  Code  Gb  stm32f4xx_hal_rcc.o [1]
HAL_RCC_OscConfig       0x08003909   0x3e8  Code  Wk  stm32f4xx_hal_rcc.o [1]
HAL_SYSTICK_CLKSourceConfig
                        0x080036cd    0x20  Code  Gb  stm32f4xx_hal_cortex.o [1]
HAL_SYSTICK_Config      0x080036c5     0x8  Code  Gb  stm32f4xx_hal_cortex.o [1]
HAL_TIMEx_BreakCallback
                        0x080035c5     0x2  Code  Wk  stm32f4xx_hal_tim_ex.o [1]
HAL_TIMEx_CommutationCallback
                        0x08002ddd    0x18  Code  Gb  stm32f4xx_it.o [1]
HAL_TIMEx_ConfigBreakDeadTime
                        0x08003563    0x62  Code  Gb  stm32f4xx_hal_tim_ex.o [1]
HAL_TIMEx_ConfigCommutationEvent_IT
                        0x08003497    0x74  Code  Gb  stm32f4xx_hal_tim_ex.o [1]
HAL_TIMEx_HallSensor_Init
                        0x080033c9    0xcc  Code  Gb  stm32f4xx_hal_tim_ex.o [1]
HAL_TIMEx_HallSensor_MspInit
                        0x08003495     0x2  Code  Wk  stm32f4xx_hal_tim_ex.o [1]
HAL_TIMEx_MasterConfigSynchronization
                        0x0800350b    0x58  Code  Gb  stm32f4xx_hal_tim_ex.o [1]
HAL_TIM_Base_Init       0x08002035    0x38  Code  Gb  stm32f4xx_hal_tim.o [1]
HAL_TIM_Base_MspInit    0x08002957    0xc2  Code  Gb  stm32f4xx_hal_msp.o [1]
HAL_TIM_Base_Start_IT   0x0800206d    0x1c  Code  Gb  stm32f4xx_hal_tim.o [1]
HAL_TIM_ConfigClockSource
                        0x080023ed   0x118  Code  Gb  stm32f4xx_hal_tim.o [1]
HAL_TIM_Encoder_Init    0x080020c3    0xac  Code  Gb  stm32f4xx_hal_tim.o [1]
HAL_TIM_Encoder_MspInit
                        0x08002a19    0x48  Code  Gb  stm32f4xx_hal_msp.o [1]
HAL_TIM_IC_CaptureCallback
                        0x08002dd9     0x2  Code  Gb  stm32f4xx_it.o [1]
HAL_TIM_IRQHandler      0x0800216f   0x176  Code  Gb  stm32f4xx_hal_tim.o [1]
HAL_TIM_MspPostInit     0x08002a61    0x4a  Code  Gb  stm32f4xx_hal_msp.o [1]
HAL_TIM_OC_DelayElapsedCallback
                        0x08002ddb     0x2  Code  Gb  stm32f4xx_it.o [1]
HAL_TIM_PWM_ConfigChannel
                        0x080022e5    0xfc  Code  Gb  stm32f4xx_hal_tim.o [1]
HAL_TIM_PWM_Init        0x08002089    0x38  Code  Gb  stm32f4xx_hal_tim.o [1]
HAL_TIM_PWM_MspInit     0x080020c1     0x2  Code  Wk  stm32f4xx_hal_tim.o [1]
HAL_TIM_PWM_PulseFinishedCallback
                        0x0800254f     0x2  Code  Wk  stm32f4xx_hal_tim.o [1]
HAL_TIM_PeriodElapsedCallback
                        0x0800336d    0x10  Code  Gb  main.o [1]
HAL_TIM_SlaveConfigSynchronization
                        0x08002505    0x4a  Code  Gb  stm32f4xx_hal_tim.o [1]
HAL_TIM_TriggerCallback
                        0x08002551     0x2  Code  Wk  stm32f4xx_hal_tim.o [1]
HAL_UART_Init           0x0800410d    0x76  Code  Gb  stm32f4xx_hal_uart.o [1]
HAL_UART_MspInit        0x08002aab    0x48  Code  Gb  stm32f4xx_hal_msp.o [1]
HAL_UART_Transmit       0x08004183    0xdc  Code  Gb  stm32f4xx_hal_uart.o [1]
HEAP$$Base              0x20000548           --   Gb  - Linker created -
HEAP$$Limit             0x20000748           --   Gb  - Linker created -
HardFault_Handler       0x08002b95     0x2  Code  Gb  stm32f4xx_it.o [1]
LL_TIM_CC_DisableChannel
                        0x08002b21     0xa  Code  Lc  stm32f4xx_it.o [1]
LL_TIM_CC_EnableChannel
                        0x08002b19     0x8  Code  Lc  stm32f4xx_it.o [1]
LL_TIM_OC_SetMode       0x08002b2b    0x62  Code  Lc  stm32f4xx_it.o [1]
LoadInt                 0x080007e3    0x6e  Code  Lc  xprintffull.o [3]
MX_GPIO_Init            0x08003299    0xb6  Code  Lc  main.o [1]
MX_TIM1_Init            0x08002f55   0x15e  Code  Lc  main.o [1]
MX_TIM2_Init            0x080030b3    0x82  Code  Lc  main.o [1]
MX_TIM3_Init            0x08003135    0x80  Code  Lc  main.o [1]
MX_TIM4_Init            0x080031b5    0x9a  Code  Lc  main.o [1]
MX_USART2_UART_Init     0x0800324f    0x4a  Code  Lc  main.o [1]
MemManage_Handler       0x08002b97     0x2  Code  Gb  stm32f4xx_it.o [1]
MotorCommutation        0x08002bbb   0x21e  Code  Gb  stm32f4xx_it.o [1]
NMI_Handler             0x08002b8d     0x8  Code  Gb  stm32f4xx_it.o [1]
NVIC_EnableIRQ          0x080035ef    0x14  Code  Lc  stm32f4xx_hal_cortex.o [1]
NVIC_EncodePriority     0x08003625    0x3e  Code  Lc  stm32f4xx_hal_cortex.o [1]
NVIC_GetPriorityGrouping
                        0x080035e5     0xa  Code  Lc  stm32f4xx_hal_cortex.o [1]
NVIC_SetPriority        0x08003603    0x22  Code  Lc  stm32f4xx_hal_cortex.o [1]
NVIC_SetPriorityGrouping
                        0x080035c9    0x1c  Code  Lc  stm32f4xx_hal_cortex.o [1]
OFFSET_TAB_CCMRx        0x08005610     0x8  Data  Lc  stm32f4xx_it.o [1]
PendSV_Handler          0x080052bd          Code  Gb  portasm.o [1]
Region$$Table$$Base     0x08005514           --   Gb  - Linker created -
Region$$Table$$Limit    0x08005534           --   Gb  - Linker created -
SHIFT_TAB_OCxx          0x08005618     0x8  Data  Lc  stm32f4xx_it.o [1]
SVC_Handler             0x08005315          Code  Gb  portasm.o [1]
StartDefaultTask        0x08003363     0xa  Code  Gb  main.o [1]
SysTick_Config          0x08003663    0x2e  Code  Lc  stm32f4xx_hal_cortex.o [1]
SysTick_Handler         0x08002b9f     0x8  Code  Gb  stm32f4xx_it.o [1]
SystemClock_Config      0x08002e79    0xdc  Code  Gb  main.o [1]
SystemCoreClock         0x20000004     0x4  Data  Gb  system_stm32f4xx.o [1]
SystemInit              0x08005365    0x4c  Code  Gb  system_stm32f4xx.o [1]
TIM1_TRG_COM_TIM11_IRQHandler
                        0x08002ba7     0xa  Code  Gb  stm32f4xx_it.o [1]
TIM5_IRQHandler         0x08002bb1     0xa  Code  Gb  stm32f4xx_it.o [1]
TIM_Base_SetConfig      0x08002553    0x94  Code  Gb  stm32f4xx_hal_tim.o [1]
TIM_ETR_SetConfig       0x080028e1    0x18  Code  Lc  stm32f4xx_hal_tim.o [1]
TIM_ITRx_SetConfig      0x080028cd    0x14  Code  Lc  stm32f4xx_hal_tim.o [1]
TIM_OC1_SetConfig       0x080026bd    0x5a  Code  Lc  stm32f4xx_hal_tim.o [1]
TIM_OC2_SetConfig       0x08002657    0x64  Code  Gb  stm32f4xx_hal_tim.o [1]
TIM_OC3_SetConfig       0x08002717    0x62  Code  Lc  stm32f4xx_hal_tim.o [1]
TIM_OC4_SetConfig       0x08002779    0x4c  Code  Lc  stm32f4xx_hal_tim.o [1]
TIM_SlaveTimer_SetConfig
                        0x080027e1    0x9a  Code  Lc  stm32f4xx_hal_tim.o [1]
TIM_TI1_ConfigInputStage
                        0x0800287b    0x28  Code  Lc  stm32f4xx_hal_tim.o [1]
TIM_TI1_SetConfig       0x080025e7    0x70  Code  Gb  stm32f4xx_hal_tim.o [1]
TIM_TI2_ConfigInputStage
                        0x080028a3    0x2a  Code  Lc  stm32f4xx_hal_tim.o [1]
UART_SetConfig          0x080042cf   0x30c  Code  Lc  stm32f4xx_hal_uart.o [1]
UART_WaitOnFlagUntilTimeout
                        0x0800425f    0x70  Code  Lc  stm32f4xx_hal_uart.o [1]
UsageFault_Handler      0x08002b9b     0x2  Code  Gb  stm32f4xx_it.o [1]
_EncodingSb_Mbtowc      0x08001ee7    0x30  Code  Gb  xencoding_sb.o [3]
_EncodingSb_Wctomb      0x08001ecd    0x1a  Code  Gb  xencoding_sb.o [3]
_Error_Handler          0x080033c5     0x2  Code  Gb  main.o [1]
_GenldFull              0x08001067   0x24c  Code  Lc  xprintffull.o [3]
_IsdstStr               0x200000d4     0x4  Data  Gb  setlocale.o [3]
_LdtobFull              0x08000c65   0x3fc  Code  Lc  xprintffull.o [3]
_LitobFull              0x08000b5d   0x106  Code  Lc  xprintffull.o [3]
_LocaleEncoding         0x08001eb9     0xe  Code  Gb  setlocale.o [3]
_LocaleReturnString     0x200000f4    0x50  Data  Lc  setlocale.o [3]
_Locale_Profile         0x200000d8    0x1c  Data  Gb  setlocale.o [3]
_Locale_aeabi_lconv     0x20000098    0x38  Data  Gb  localeconv.o [3]
_Locale_lconv           0x20000048    0x50  Data  Gb  localeconv.o [3]
_Mbtowc                 0x080012fb    0x20  Code  Gb  xmbtowc.o [3]
_PrintfFull             0x08000195   0x638  Code  Gb  xprintffull.o [3]
_Prout                  0x08005579    0x16  Code  Gb  xprout.o [3]
_PutcharsFull           0x080012b3    0x2e  Code  Lc  xprintffull.o [3]
_PutstrFull             0x08000851   0x306  Code  Lc  xprintffull.o [3]
_TzoneStr               0x200000d0     0x4  Data  Gb  setlocale.o [3]
_Wctomb                 0x08001481    0x1a  Code  Gb  xwctomb.o [3]
__aeabi_cdcmple         0x080016c5          Code  Gb  DblCmpLe.o [4]
__aeabi_cdrcmple        0x080016f5          Code  Gb  DblCmpGe.o [4]
__aeabi_d2iz            0x08001839          Code  Gb  DblToI32.o [4]
__aeabi_d2uiz           0x08001865          Code  Gb  DblToI32.o [4]
__aeabi_ddiv            0x08001be5          Code  Gb  DblDiv.o [4]
__aeabi_dmul            0x08001a41          Code  Gb  DblMul.o [4]
__aeabi_dsub            0x080018c1          Code  Gb  DblSub.o [4]
__aeabi_i2d             0x08001891          Code  Gb  I32ToDbl.o [4]
__aeabi_ldiv0           0x08001f59          Code  Gb  I64DivZer.o [5]
__aeabi_ui2d            0x080018a5          Code  Gb  I32ToDbl.o [4]
__aeabi_uldivmod        0x08001595          Code  Gb  I64DivMod.o [5]
__cmain                 0x08005535          Code  Gb  cmain.o [5]
__data_Aldata           0x200045fc     0x8  Data  Gb  xxmemxmalloc.o [3]
__data_GetMemChunk      0x08001f2d    0x2c  Code  Gb  xgetmemchunk.o [3]
__exit                  0x08005565    0x14  Code  Gb  exit.o [6]
__iar_Dnorm             0x08001683    0x42  Code  Gb  xdnorm.o [4]
__iar_Dscale            0x08001725   0x114  Code  Gb  xdscale.o [4]
__iar_Locale_lconv_init
                        0x08001e3d    0x3a  Code  Gb  localeconv.o [3]
__iar_Mbcurmax          0x080013c5     0xa  Code  Gb  xmbcurmax.o [3]
__iar_Memchr            0x0800136d          Code  Gb  memchr.o [5]
__iar_Stdout            0x20000008    0x40  Data  Gb  xfiles.o [3]
__iar_Strchr            0x0800131d          Code  Gb  strchr.o [5]
__iar_d2uiz             0x08001871          Code  Gb  DblToI32.o [4]
__iar_dadd              0x08001f5d          Code  Gb  DblAdd.o [4]
__iar_data_init3        0x080054c9    0x28  Code  Gb  data_init.o [5]
__iar_dlib_perthread_access
                        0x08002031     0x2  Code  Gb  xtls.o [3]
__iar_dsub              0x080018d5          Code  Gb  DblSub.o [4]
__iar_dsubStart         0x080018e7          Code  Gb  DblSub.o [4]
__iar_init_vfp          0x080054f1          Code  Gb  fpinit_M.o [4]
__iar_packbits_init_single3
                        0x08005461    0x38  Code  Gb  packbits_init_single.o [5]
__iar_program_start     0x08005605          Code  Gb  cstartup_M.o [5]
__iar_ui2d              0x080018a9          Code  Gb  I32ToDbl.o [4]
__iar_unaligned___aeabi_memcpy
                        0x0800149d          Code  Gb  ABImemcpy_unaligned.o [5]
__iar_unaligned___aeabi_memcpy4
                        0x080014bd          Code  Gb  ABImemcpy_unaligned.o [5]
__iar_unaligned___aeabi_memcpy8
                        0x080014bd          Code  Gb  ABImemcpy_unaligned.o [5]
__iar_zero_init3        0x08005421    0x40  Code  Gb  zero_init3.o [5]
__low_level_init        0x0800554f     0x4  Code  Gb  low_level_init.o [3]
__vector_table          0x08000000          Data  Gb  startup_stm32f401xc.o [1]
_call_main              0x08005541          Code  Gb  cmain.o [5]
_exit                   0x08005559          Code  Gb  cexit.o [5]
_main                   0x0800554b          Code  Gb  cmain.o [5]
defaultTaskHandle       0x20004614     0x4  Data  Gb  main.o [1]
div                     0x08001ea9     0xe  Code  Gb  div.o [3]
exit                    0x08005553     0x4  Code  Gb  exit.o [3]
fputc                   0x0800334f    0x14  Code  Gb  main.o [1]
free                    0x08001515    0x7a  Code  Gb  xxmemxfree.o [3]
htim1                   0x20004464    0x3c  Data  Gb  main.o [1]
htim2                   0x200044a0    0x3c  Data  Gb  main.o [1]
htim3                   0x200044dc    0x3c  Data  Gb  main.o [1]
htim4                   0x20004518    0x3c  Data  Gb  main.o [1]
htim5                   0x20004554    0x3c  Data  Gb  stm32f4xx_hal_timebase_TIM.o [1]
huart2                  0x20004424    0x40  Data  Gb  main.o [1]
lastHallPos             0x20004661     0x1  Data  Lc  stm32f4xx_it.o [1]
localeconv              0x08001e77    0x16  Code  Gb  localeconv.o [3]
main                    0x08002e1d    0x5c  Code  Gb  main.o [1]
makeFreeRtosPriority    0x08004025    0x12  Code  Lc  cmsis_os.o [1]
malloc                  0x080013d1    0xac  Code  Gb  xxmemxmalloc.o [3]
memchr                  0x0800136d          Code  Gb  memchr.o [5]
obuf                    0x200043d4    0x50  Data  Lc  xfiles.o [3]
osDelay                 0x0800406f    0x16  Code  Gb  cmsis_os.o [1]
osKernelStart           0x08004037     0xa  Code  Gb  cmsis_os.o [1]
osSystickHandler        0x08004085    0x10  Code  Gb  cmsis_os.o [1]
osThreadCreate          0x08004041    0x2e  Code  Gb  cmsis_os.o [1]
printf                  0x08004095    0x24  Code  Gb  printf.o [3]
prvAddCurrentTaskToDelayedList
                        0x08004d11    0x80  Code  Lc  tasks.o [1]
prvAddNewTaskToReadyList
                        0x0800478f    0xb8  Code  Lc  tasks.o [1]
prvCheckTasksWaitingTermination
                        0x08004c1d    0x5a  Code  Lc  tasks.o [1]
prvDeleteTCB            0x08004c7d    0x12  Code  Lc  tasks.o [1]
prvHeapInit             0x08005145    0x64  Code  Lc  heap_4.o [1]
prvIdleTask             0x08004b91    0x22  Code  Lc  tasks.o [1]
prvInitialiseNewTask    0x080046ef    0xa0  Code  Lc  tasks.o [1]
prvInitialiseTaskLists  0x08004bc1    0x52  Code  Lc  tasks.o [1]
prvInsertBlockIntoFreeList
                        0x080051a9    0x5c  Code  Lc  heap_4.o [1]
prvResetNextTaskUnblockTime
                        0x08004c8f    0x2c  Code  Lc  tasks.o [1]
prvTaskExitError        0x08004df1    0x2a  Code  Lc  port.o [1]
putchar                 0x08005591     0xc  Code  Gb  putchar.o [3]
pvPortMalloc            0x08004fc9   0x108  Code  Gb  heap_4.o [1]
pxCurrentTCB            0x20004620     0x4  Data  Gb  tasks.o [1]
pxDelayedTaskList       0x20004624     0x4  Data  Lc  tasks.o [1]
pxEnd                   0x20004604     0x4  Data  Lc  heap_4.o [1]
pxOverflowDelayedTaskList
                        0x20004628     0x4  Data  Lc  tasks.o [1]
pxPortInitialiseStack   0x08004dc9    0x28  Code  Gb  port.o [1]
pxReadyTasksLists       0x20004348    0x8c  Data  Lc  tasks.o [1]
strchr                  0x0800131d          Code  Gb  strchr.o [5]
strlen                  0x08001335          Code  Gb  strlen.o [5]
ucHeap                  0x20000748  0x3c00  Data  Lc  heap_4.o [1]
ucMaxSysCallPriority    0x20004660     0x1  Data  Lc  port.o [1]
ulMaxPRIGROUPValue      0x20004618     0x4  Data  Lc  port.o [1]
uwTick                  0x2000461c     0x4  Data  Gb  stm32f4xx_hal.o [1]
uxCriticalNesting       0x20000000     0x4  Data  Lc  port.o [1]
uxCurrentNumberOfTasks  0x20004630     0x4  Data  Lc  tasks.o [1]
uxDeletedTasksWaitingCleanUp
                        0x2000462c     0x4  Data  Lc  tasks.o [1]
uxListRemove            0x08005297    0x26  Code  Gb  list.o [1]
uxPendedTicks           0x20004640     0x4  Data  Lc  tasks.o [1]
uxSchedulerSuspended    0x20004658     0x4  Data  Lc  tasks.o [1]
uxTaskNumber            0x2000464c     0x4  Data  Lc  tasks.o [1]
uxTopReadyPriority      0x20004638     0x4  Data  Lc  tasks.o [1]
vListInitialise         0x08005225    0x1e  Code  Gb  list.o [1]
vListInitialiseItem     0x08005243     0x6  Code  Gb  list.o [1]
vListInsert             0x08005261    0x36  Code  Gb  list.o [1]
vListInsertEnd          0x08005249    0x18  Code  Gb  list.o [1]
vPortEnableVFP          0x08005349          Code  Gb  portasm.o [1]
vPortEnterCritical      0x08004ee7    0x3a  Code  Gb  port.o [1]
vPortExitCritical       0x08004f21    0x32  Code  Gb  port.o [1]
vPortFree               0x080050d1    0x74  Code  Gb  heap_4.o [1]
vPortSetupTimerInterrupt
                        0x08004f7b    0x1a  Code  Wk  port.o [1]
vPortStartFirstTask     0x08005331          Code  Gb  portasm.o [1]
vTaskDelay              0x08004847    0x4c  Code  Gb  tasks.o [1]
vTaskStartScheduler     0x08004893    0x66  Code  Gb  tasks.o [1]
vTaskSuspendAll         0x080048f9    0x10  Code  Gb  tasks.o [1]
vTaskSwitchContext      0x08004b23    0x6e  Code  Gb  tasks.o [1]
xBlockAllocatedBit      0x20004610     0x4  Data  Lc  heap_4.o [1]
xDelayedTaskList1       0x20004590    0x14  Data  Lc  tasks.o [1]
xDelayedTaskList2       0x200045a4    0x14  Data  Lc  tasks.o [1]
xFreeBytesRemaining     0x20004608     0x4  Data  Lc  heap_4.o [1]
xHeapStructSize         0x08005630     0x4  Data  Lc  heap_4.o [1]
xIdleTaskHandle         0x20004654     0x4  Data  Lc  tasks.o [1]
xMinimumEverFreeBytesRemaining
                        0x2000460c     0x4  Data  Lc  heap_4.o [1]
xNextTaskUnblockTime    0x20004650     0x4  Data  Lc  tasks.o [1]
xNumOfOverflows         0x20004648     0x4  Data  Lc  tasks.o [1]
xPendingReadyList       0x200045b8    0x14  Data  Lc  tasks.o [1]
xPortStartScheduler     0x08004e1b    0xcc  Code  Gb  port.o [1]
xPortSysTickHandler     0x08004f53    0x28  Code  Gb  port.o [1]
xSchedulerRunning       0x2000463c     0x4  Data  Lc  tasks.o [1]
xStart                  0x200045f4     0x8  Data  Lc  heap_4.o [1]
xSuspendedTaskList      0x200045e0    0x14  Data  Lc  tasks.o [1]
xTaskCreate             0x08004679    0x76  Code  Gb  tasks.o [1]
xTaskGetSchedulerState  0x08004cbb    0x20  Code  Gb  tasks.o [1]
xTaskIncrementTick      0x08004a03   0x120  Code  Gb  tasks.o [1]
xTaskResumeAll          0x08004909    0xfa  Code  Gb  tasks.o [1]
xTasksWaitingTermination
                        0x200045cc    0x14  Data  Lc  tasks.o [1]
xTickCount              0x20004634     0x4  Data  Lc  tasks.o [1]
xYieldPending           0x20004644     0x4  Data  Lc  tasks.o [1]


[1] = E:\02-Smart\00-System\99-EngineeringTest\MotorControl\MotorControl\EWARM\MotorControl\Obj
[2] = command line
[3] = dl7M_tlf.a
[4] = m7M_tls.a
[5] = rt7M_tl.a
[6] = shb_l.a

  21 998 bytes of readonly  code memory
     337 bytes of readonly  data memory
  18 014 bytes of readwrite data memory

Errors: none
Warnings: none
